Archive member included to satisfy reference by file (symbol)

/opt/devkitpro/libctru/lib/libcitro2d.a(base.o)
                              main.o (C2D_Init)
/opt/devkitpro/libctru/lib/libcitro2d.a(spritesheet.o)
                              main.o (C2D_SpriteSheetLoad)
/opt/devkitpro/libctru/lib/libcitro2d.a(render2d.shbin.o)
                              /opt/devkitpro/libctru/lib/libcitro2d.a(base.o) (render2d_shbin)
/opt/devkitpro/libctru/lib/libcitro3d.a(base.o)
                              main.o (C3D_Init)
/opt/devkitpro/libctru/lib/libcitro3d.a(renderqueue.o)
                              /opt/devkitpro/libctru/lib/libcitro3d.a(base.o) (C3Di_RenderQueueEnableVBlank)
/opt/devkitpro/libctru/lib/libcitro3d.a(texture.o)
                              /opt/devkitpro/libctru/lib/libcitro2d.a(base.o) (C3D_TexBind)
/opt/devkitpro/libctru/lib/libcitro3d.a(tex3ds.o)
                              /opt/devkitpro/libctru/lib/libcitro2d.a(spritesheet.o) (Tex3DS_TextureImport)
/opt/devkitpro/libctru/lib/libcitro3d.a(framebuffer.o)
                              /opt/devkitpro/libctru/lib/libcitro3d.a(renderqueue.o) (C3D_CalcColorBufSize)
/opt/devkitpro/libctru/lib/libcitro3d.a(texenv.o)
                              /opt/devkitpro/libctru/lib/libcitro2d.a(base.o) (C3D_GetTexEnv)
/opt/devkitpro/libctru/lib/libcitro3d.a(proctex.o)
                              /opt/devkitpro/libctru/lib/libcitro2d.a(base.o) (C3D_ProcTexInit)
/opt/devkitpro/libctru/lib/libcitro3d.a(buffers.o)
                              /opt/devkitpro/libctru/lib/libcitro2d.a(base.o) (BufInfo_Init)
/opt/devkitpro/libctru/lib/libcitro3d.a(drawArrays.o)
                              /opt/devkitpro/libctru/lib/libcitro2d.a(base.o) (C3D_DrawArrays)
/opt/devkitpro/libctru/lib/libcitro3d.a(effect.o)
                              /opt/devkitpro/libctru/lib/libcitro3d.a(base.o) (C3D_DepthMap)
/opt/devkitpro/libctru/lib/libcitro3d.a(attribs.o)
                              /opt/devkitpro/libctru/lib/libcitro2d.a(base.o) (AttrInfo_Init)
/opt/devkitpro/libctru/lib/libcitro3d.a(immediate.o)
                              /opt/devkitpro/libctru/lib/libcitro3d.a(base.o) (C3D_ImmSendAttrib)
/opt/devkitpro/libctru/lib/libcitro3d.a(uniforms.o)
                              /opt/devkitpro/libctru/lib/libcitro3d.a(base.o) (C3D_UpdateUniforms)
/opt/devkitpro/libctru/lib/libcitro3d.a(mtx_ortho.o)
                              /opt/devkitpro/libctru/lib/libcitro2d.a(base.o) (Mtx_Ortho)
/opt/devkitpro/libctru/lib/libcitro3d.a(mtx_scale.o)
                              /opt/devkitpro/libctru/lib/libcitro2d.a(base.o) (Mtx_Scale)
/opt/devkitpro/libctru/lib/libcitro3d.a(mtx_multiply.o)
                              /opt/devkitpro/libctru/lib/libcitro2d.a(base.o) (Mtx_Multiply)
/opt/devkitpro/libctru/lib/libcitro3d.a(mtx_orthotilt.o)
                              /opt/devkitpro/libctru/lib/libcitro2d.a(base.o) (Mtx_OrthoTilt)
/opt/devkitpro/libctru/lib/libcitro3d.a(mtx_translate.o)
                              /opt/devkitpro/libctru/lib/libcitro2d.a(base.o) (Mtx_Translate)
/opt/devkitpro/libctru/lib/libcitro3d.a(mtx_rotatez.o)
                              /opt/devkitpro/libctru/lib/libcitro2d.a(base.o) (Mtx_RotateZ)
/opt/devkitpro/libctru/lib/libctru.a(vram.o)
                              /opt/devkitpro/libctru/lib/libcitro3d.a(renderqueue.o) (vramAlloc)
/opt/devkitpro/libctru/lib/libctru.a(linear.o)
                              /opt/devkitpro/libctru/lib/libcitro2d.a(base.o) (linearAlloc)
/opt/devkitpro/libctru/lib/libctru.a(mem_pool.o)
                              /opt/devkitpro/libctru/lib/libctru.a(vram.o) (MemPool::Allocate(MemChunk&, unsigned long, int))
/opt/devkitpro/libctru/lib/libctru.a(romfs_dev.o)
                              main.o (romfsMountSelf)
/opt/devkitpro/libctru/lib/libctru.a(os.o)
                              /opt/devkitpro/libctru/lib/libcitro3d.a(texture.o) (osConvertVirtToPhys)
/opt/devkitpro/libctru/lib/libctru.a(console.o)
                              main.o (consoleInit)
/opt/devkitpro/libctru/lib/libctru.a(path_buf.o)
                              /opt/devkitpro/libctru/lib/libctru.a(romfs_dev.o) (__ctru_dev_utf16_buf)
/opt/devkitpro/libctru/lib/libctru.a(gfx.o)
                              /opt/devkitpro/libctru/lib/libcitro2d.a(base.o) (gfxIsWide)
/opt/devkitpro/libctru/lib/libctru.a(shaderProgram.o)
                              /opt/devkitpro/libctru/lib/libcitro2d.a(base.o) (shaderInstanceGetUniformLocation)
/opt/devkitpro/libctru/lib/libctru.a(shbin.o)
                              /opt/devkitpro/libctru/lib/libcitro2d.a(base.o) (DVLB_ParseFile)
/opt/devkitpro/libctru/lib/libctru.a(gx.o)
                              /opt/devkitpro/libctru/lib/libcitro3d.a(renderqueue.o) (GX_BindQueue)
/opt/devkitpro/libctru/lib/libctru.a(gxqueue.o)
                              /opt/devkitpro/libctru/lib/libcitro3d.a(renderqueue.o) (gxCmdQueueClear)
/opt/devkitpro/libctru/lib/libctru.a(gpu.o)
[...]
Memory Configuration

Name             Origin             Length             Attributes
*default*        0x0000000000000000 0xffffffffffffffff

Linker script and memory map

                0x0000000000100000                PROVIDE (__start__ = 0x100000)
                0x0000000000100000                . = __start__

.text           0x0000000000100000    0x2b0a4
 *(.crt0)
 .crt0          0x0000000000100000       0x94 /opt/devkitpro/devkitARM/bin/../lib/gcc/arm-none-eabi/11.1.0/../../../../arm-none-eabi/lib/armv6k/fpu/3dsx_crt0.o
                0x0000000000100000                _start
                0x0000000000100008                __service_ptr
                0x000000000010000c                __apt_appid
                0x0000000000100010                __heap_size
                0x0000000000100014                __linear_heap_size
                0x0000000000100018                __system_arglist
                0x000000000010001c                __system_runflags
 *(.init)
 .init          0x0000000000100094        0xc /opt/devkitpro/devkitARM/bin/../lib/gcc/arm-none-eabi/11.1.0/armv6k/fpu/crti.o
                0x0000000000100094                _init
 .init          0x00000000001000a0        0xc /opt/devkitpro/devkitARM/bin/../lib/gcc/arm-none-eabi/11.1.0/armv6k/fpu/crtn.o
                0x00000000001000ac                . = ALIGN (0x4)
 *(.text)
 .text          0x00000000001000ac      0x20c /opt/devkitpro/devkitARM/bin/../lib/gcc/arm-none-eabi/11.1.0/armv6k/fpu/libgcc.a(_udivsi3.o)
                0x00000000001000ac                __udivsi3
                0x00000000001000ac                __aeabi_uidiv
                0x0000000000100298                __aeabi_uidivmod
 .text          0x00000000001002b8      0x240 /opt/devkitpro/devkitARM/bin/../lib/gcc/arm-none-eabi/11.1.0/armv6k/fpu/libgcc.a(_divsi3.o)
                0x00000000001002b8                __aeabi_idiv
                0x00000000001002b8                __divsi3
                0x00000000001004d8                __aeabi_idivmod
 .text          0x00000000001004f8        0x4 /opt/devkitpro/devkitARM/bin/../lib/gcc/arm-none-eabi/11.1.0/armv6k/fpu/libgcc.a(_dvmd_tls.o)
                0x00000000001004f8                __aeabi_ldiv0
                0x00000000001004f8                __aeabi_idiv0
 .text          0x00000000001004fc      0x3c0 /opt/devkitpro/devkitARM/bin/../lib/gcc/arm-none-eabi/11.1.0/armv6k/fpu/libgcc.a(_arm_addsubdf3.o)
                0x00000000001004fc                __aeabi_drsub
                0x0000000000100504                __aeabi_dsub
                0x0000000000100504                __subdf3
                0x0000000000100508                __adddf3
                0x0000000000100508                __aeabi_dadd
                0x00000000001007b4                __aeabi_ui2d
                0x00000000001007b4                __floatunsidf
                0x00000000001007d8                __floatsidf
                0x00000000001007d8                __aeabi_i2d
                0x0000000000100800                __extendsfdf2
                0x0000000000100800                __aeabi_f2d
                0x0000000000100848                __aeabi_ul2d
                0x0000000000100848                __floatundidf
                0x000000000010085c                __floatdidf
                0x000000000010085c                __aeabi_l2d
 .text          0x00000000001008bc       0xd4 /opt/devkitpro/devkitARM/bin/../lib/gcc/arm-none-eabi/11.1.0/armv6k/fpu/libgcc.a(_aeabi_ldivmod.o)
                0x00000000001008bc                __aeabi_ldivmod
 .text          0x0000000000100990       0x3c /opt/devkitpro/devkitARM/bin/../lib/gcc/arm-none-eabi/11.1.0/armv6k/fpu/libgcc.a(_aeabi_uldivmod.o)
                0x0000000000100990                __aeabi_uldivmod
 *fill*         0x00000000001009cc       0x14 
 .text          0x00000000001009e0      0x390 /opt/devkitpro/devkitARM/bin/../lib/gcc/arm-none-eabi/11.1.0/../../../../arm-none-eabi/lib/armv6k/fpu/libg.a(lib_a-strcmp.o)
                0x00000000001009e8                strcmp
 *(.text.*)
 .text.__do_global_dtors_aux
                0x0000000000100d70       0x40 /opt/devkitpro/devkitARM/bin/../lib/gcc/arm-none-eabi/11.1.0/armv6k/fpu/crtbegin.o
 .text.frame_dummy
                0x0000000000100db0       0x2c /opt/devkitpro/devkitARM/bin/../lib/gcc/arm-none-eabi/11.1.0/armv6k/fpu/crtbegin.o
 .text.moveSprites
                0x0000000000100ddc      0x260 main.o
 *fill*         0x000000000010103c        0x4 
 .text.startup.main
                0x0000000000101040      0x69c main.o
                0x0000000000101040                main
 .text.C2Di_FrameEndHook
                0x00000000001016dc       0x34 /opt/devkitpro/libctru/lib/libcitro2d.a(base.o)
 .text.C2D_Init
                0x0000000000101710      0x330 /opt/devkitpro/libctru/lib/libcitro2d.a(base.o)
                0x0000000000101710                C2D_Init
 .text.C2D_Fini
                0x0000000000101a40       0x44 /opt/devkitpro/libctru/lib/libcitro2d.a(base.o)
                0x0000000000101a40                C2D_Fini
 .text.C2D_Prepare
                0x0000000000101a84       0xd0 /opt/devkitpro/libctru/lib/libcitro2d.a(base.o)
                0x0000000000101a84                C2D_Prepare
 .text.C2D_Flush
                0x0000000000101b54       0x3c /opt/devkitpro/libctru/lib/libcitro2d.a(base.o)
                0x0000000000101b54                C2D_Flush
 .text.C2D_SceneSize
                0x0000000000101b90      0x108 /opt/devkitpro/libctru/lib/libcitro2d.a(base.o)
                0x0000000000101b90                C2D_SceneSize
 .text.C2D_CreateScreenTarget
                0x0000000000101c98       0x58 /opt/devkitpro/libctru/lib/libcitro2d.a(base.o)
                0x0000000000101c98                C2D_CreateScreenTarget
 .text.C2D_TargetClear
                0x0000000000101cf0       0x58 /opt/devkitpro/libctru/lib/libcitro2d.a(base.o)
                0x0000000000101cf0                C2D_TargetClear
 .text.C2Di_CalcQuad
                0x0000000000101d48      0x13c /opt/devkitpro/libctru/lib/libcitro2d.a(base.o)
                0x0000000000101d48                C2Di_CalcQuad
 .text.C2Di_Update
                0x0000000000101e84      0x22c /opt/devkitpro/libctru/lib/libcitro2d.a(base.o)
                0x0000000000101e84                C2Di_Update
 .text.C2D_DrawImage
                0x00000000001020b0      0x2f8 /opt/devkitpro/libctru/lib/libcitro2d.a(base.o)
                0x00000000001020b0                C2D_DrawImage
 .text.C2D_SpriteSheetLoadFromHandle
                0x00000000001023a8       0x6c /opt/devkitpro/libctru/lib/libcitro2d.a(spritesheet.o)
                0x00000000001023a8                C2D_SpriteSheetLoadFromHandle
 .text.C2D_SpriteSheetLoad
                0x0000000000102414       0x48 /opt/devkitpro/libctru/lib/libcitro2d.a(spritesheet.o)
                0x0000000000102414                C2D_SpriteSheetLoad
 .text.C2D_SpriteSheetFree
                0x000000000010245c       0x28 /opt/devkitpro/libctru/lib/libcitro2d.a(spritesheet.o)
                0x000000000010245c                C2D_SpriteSheetFree
 .text.C2D_SpriteSheetGetImage
                0x0000000000102484       0x2c /opt/devkitpro/libctru/lib/libcitro2d.a(spritesheet.o)
                0x0000000000102484                C2D_SpriteSheetGetImage
 .text.C3Di_LightEnvUpdate
                0x00000000001024b0        0x4 /opt/devkitpro/libctru/lib/libcitro3d.a(base.o)
                0x00000000001024b0                C3Di_LightEnvUpdate
 .text.C3Di_LightEnvDirty
                0x00000000001024b4        0x4 /opt/devkitpro/libctru/lib/libcitro3d.a(base.o)
                0x00000000001024b4                C3Di_LightEnvDirty
 .text.C3Di_AptEventHook
                0x00000000001024b8       0xb4 /opt/devkitpro/libctru/lib/libcitro3d.a(base.o)
 .text.C3Di_GasUpdate
                0x000000000010256c        0x4 /opt/devkitpro/libctru/lib/libcitro3d.a(base.o)
                0x000000000010256c                C3Di_GasUpdate
 .text.C3D_Init
                0x0000000000102570      0x1e0 /opt/devkitpro/libctru/lib/libcitro3d.a(base.o)
                0x0000000000102570                C3D_Init
 .text.C3D_SetViewport
                0x0000000000102750       0x98 /opt/devkitpro/libctru/lib/libcitro3d.a(base.o)
                0x0000000000102750                C3D_SetViewport
 .text.C3Di_UpdateContext
                0x00000000001027e8      0x4ec /opt/devkitpro/libctru/lib/libcitro3d.a(base.o)
                0x00000000001027e8                C3Di_UpdateContext
 .text.C3Di_SplitFrame
                0x0000000000102cd4       0xe0 /opt/devkitpro/libctru/lib/libcitro3d.a(base.o)
                0x0000000000102cd4                C3Di_SplitFrame
 .text.C3D_Fini
                0x0000000000102db4       0x44 /opt/devkitpro/libctru/lib/libcitro3d.a(base.o)
                0x0000000000102db4                C3D_Fini
 .text.C3D_BindProgram
                0x0000000000102df8      0x108 /opt/devkitpro/libctru/lib/libcitro3d.a(base.o)
                0x0000000000102df8                C3D_BindProgram
 .text.onVBlank0
                0x0000000000102f00       0x4c /opt/devkitpro/libctru/lib/libcitro3d.a(renderqueue.o)
 .text.onVBlank1
                0x0000000000102f4c       0x4c /opt/devkitpro/libctru/lib/libcitro3d.a(renderqueue.o)
 .text.C3Di_RenderTargetDestroy
                0x0000000000102f98       0x80 /opt/devkitpro/libctru/lib/libcitro3d.a(renderqueue.o)
 .text.onQueueFinish
                0x0000000000103018       0xf4 /opt/devkitpro/libctru/lib/libcitro3d.a(renderqueue.o)
 .text.C3Di_RenderQueueEnableVBlank
                0x000000000010310c       0x38 /opt/devkitpro/libctru/lib/libcitro3d.a(renderqueue.o)
                0x000000000010310c                C3Di_RenderQueueEnableVBlank
 .text.C3Di_RenderQueueDisableVBlank
                0x0000000000103144       0x30 /opt/devkitpro/libctru/lib/libcitro3d.a(renderqueue.o)
                0x0000000000103144                C3Di_RenderQueueDisableVBlank
 .text.C3Di_RenderQueueInit
                0x0000000000103174       0x60 /opt/devkitpro/libctru/lib/libcitro3d.a(renderqueue.o)
                0x0000000000103174                C3Di_RenderQueueInit
 .text.C3Di_RenderQueueExit
                0x00000000001031d4       0xb0 /opt/devkitpro/libctru/lib/libcitro3d.a(renderqueue.o)
                0x00000000001031d4                C3Di_RenderQueueExit
 .text.C3Di_RenderQueueWaitDone
                0x0000000000103284       0x34 /opt/devkitpro/libctru/lib/libcitro3d.a(renderqueue.o)
                0x0000000000103284                C3Di_RenderQueueWaitDone
 .text.C3D_FrameBegin
                0x00000000001032b8       0xe4 /opt/devkitpro/libctru/lib/libcitro3d.a(renderqueue.o)
                0x00000000001032b8                C3D_FrameBegin
 .text.C3D_FrameDrawOn
                0x000000000010339c       0x48 /opt/devkitpro/libctru/lib/libcitro3d.a(renderqueue.o)
                0x000000000010339c                C3D_FrameDrawOn
 .text.C3D_FrameSplit
                0x00000000001033e4       0x58 /opt/devkitpro/libctru/lib/libcitro3d.a(renderqueue.o)
                0x00000000001033e4                C3D_FrameSplit
 .text.C3D_FrameEnd
                0x000000000010343c      0x1d8 /opt/devkitpro/libctru/lib/libcitro3d.a(renderqueue.o)
                0x000000000010343c                C3D_FrameEnd
 .text.C3D_FrameEndHook
                0x0000000000103614       0x1c /opt/devkitpro/libctru/lib/libcitro3d.a(renderqueue.o)
                0x0000000000103614                C3D_FrameEndHook
 .text.C3D_RenderTargetCreate
                0x0000000000103630      0x128 /opt/devkitpro/libctru/lib/libcitro3d.a(renderqueue.o)
                0x0000000000103630                C3D_RenderTargetCreate
 .text.C3D_RenderTargetSetOutput
                0x0000000000103758       0xa8 /opt/devkitpro/libctru/lib/libcitro3d.a(renderqueue.o)
                0x0000000000103758                C3D_RenderTargetSetOutput
 .text.C3D_SyncTextureCopy
                0x0000000000103800       0xfc /opt/devkitpro/libctru/lib/libcitro3d.a(renderqueue.o)
                0x0000000000103800                C3D_SyncTextureCopy
 .text.C3D_TexInitWithParams
                0x00000000001038fc      0x2a0 /opt/devkitpro/libctru/lib/libcitro3d.a(texture.o)
                0x00000000001038fc                C3D_TexInitWithParams
 .text.C3D_TexLoadImage
                0x0000000000103b9c       0xc8 /opt/devkitpro/libctru/lib/libcitro3d.a(texture.o)
                0x0000000000103b9c                C3D_TexLoadImage
 .text.C3D_TexBind
                0x0000000000103c64       0x44 /opt/devkitpro/libctru/lib/libcitro3d.a(texture.o)
                0x0000000000103c64                C3D_TexBind
 .text.C3D_TexDelete
                0x0000000000103ca8       0x74 /opt/devkitpro/libctru/lib/libcitro3d.a(texture.o)
                0x0000000000103ca8                C3D_TexDelete
 .text.C3Di_SetTex
                0x0000000000103d1c      0x16c /opt/devkitpro/libctru/lib/libcitro3d.a(texture.o)
                0x0000000000103d1c                C3Di_SetTex
 .text.Tex3DSi_ImportCommon
                0x0000000000103e88      0x3f4 /opt/devkitpro/libctru/lib/libcitro3d.a(tex3ds.o)
 .text.Tex3DS_TextureImportStdio
                0x000000000010427c       0x38 /opt/devkitpro/libctru/lib/libcitro3d.a(tex3ds.o)
                0x000000000010427c                Tex3DS_TextureImportStdio
 .text.Tex3DS_GetSubTexture
                0x00000000001042b4       0x1c /opt/devkitpro/libctru/lib/libcitro3d.a(tex3ds.o)
                0x00000000001042b4                Tex3DS_GetSubTexture
 .text.Tex3DS_TextureFree
                0x00000000001042d0        0x4 /opt/devkitpro/libctru/lib/libcitro3d.a(tex3ds.o)
                0x00000000001042d0                Tex3DS_TextureFree
 .text.C3D_CalcColorBufSize
                0x00000000001042d4       0x1c /opt/devkitpro/libctru/lib/libcitro3d.a(framebuffer.o)
                0x00000000001042d4                C3D_CalcColorBufSize
 .text.C3D_CalcDepthBufSize
                0x00000000001042f0       0x1c /opt/devkitpro/libctru/lib/libcitro3d.a(framebuffer.o)
                0x00000000001042f0                C3D_CalcDepthBufSize
 .text.C3D_SetFrameBuf
                0x000000000010430c       0x44 /opt/devkitpro/libctru/lib/libcitro3d.a(framebuffer.o)
                0x000000000010430c                C3D_SetFrameBuf
 .text.C3Di_FrameBufBind
                0x0000000000104350      0x16c /opt/devkitpro/libctru/lib/libcitro3d.a(framebuffer.o)
                0x0000000000104350                C3Di_FrameBufBind
 .text.C3D_FrameBufClear
                0x00000000001044bc       0xcc /opt/devkitpro/libctru/lib/libcitro3d.a(framebuffer.o)
                0x00000000001044bc                C3D_FrameBufClear
 .text.C3D_FrameBufTransfer
                0x0000000000104588       0x44 /opt/devkitpro/libctru/lib/libcitro3d.a(framebuffer.o)
                0x0000000000104588                C3D_FrameBufTransfer
 .text.C3D_GetTexEnv
                0x00000000001045cc       0x34 /opt/devkitpro/libctru/lib/libcitro3d.a(texenv.o)
                0x00000000001045cc                C3D_GetTexEnv
 .text.C3Di_TexEnvBind
                0x0000000000104600       0x24 /opt/devkitpro/libctru/lib/libcitro3d.a(texenv.o)
                0x0000000000104600                C3Di_TexEnvBind
 .text.C3D_ProcTexInit
                0x0000000000104624       0x70 /opt/devkitpro/libctru/lib/libcitro3d.a(proctex.o)
                0x0000000000104624                C3D_ProcTexInit
 .text.C3D_ProcTexBind
                0x0000000000104694       0x54 /opt/devkitpro/libctru/lib/libcitro3d.a(proctex.o)
                0x0000000000104694                C3D_ProcTexBind
 .text.C3D_ProcTexLutBind
                0x00000000001046e8       0x5c /opt/devkitpro/libctru/lib/libcitro3d.a(proctex.o)
                0x00000000001046e8                C3D_ProcTexLutBind
 .text.ProcTexLut_FromArray
                0x0000000000104744       0xa4 /opt/devkitpro/libctru/lib/libcitro3d.a(proctex.o)
                0x0000000000104744                ProcTexLut_FromArray
 .text.C3Di_ProcTexUpdate
                0x00000000001047e8      0x17c /opt/devkitpro/libctru/lib/libcitro3d.a(proctex.o)
                0x00000000001047e8                C3Di_ProcTexUpdate
 .text.C3Di_ProcTexDirty
                0x0000000000104964       0x68 /opt/devkitpro/libctru/lib/libcitro3d.a(proctex.o)
                0x0000000000104964                C3Di_ProcTexDirty
 .text.BufInfo_Init
                0x00000000001049cc       0x24 /opt/devkitpro/libctru/lib/libcitro3d.a(buffers.o)
                0x00000000001049cc                BufInfo_Init
 .text.BufInfo_Add
                0x00000000001049f0       0x80 /opt/devkitpro/libctru/lib/libcitro3d.a(buffers.o)
                0x00000000001049f0                BufInfo_Add
 .text.C3D_SetBufInfo
                0x0000000000104a70       0x40 /opt/devkitpro/libctru/lib/libcitro3d.a(buffers.o)
                0x0000000000104a70                C3D_SetBufInfo
 .text.C3Di_BufInfoBind
                0x0000000000104ab0       0x48 /opt/devkitpro/libctru/lib/libcitro3d.a(buffers.o)
                0x0000000000104ab0                C3Di_BufInfoBind
 .text.C3D_DrawArrays
                0x0000000000104af8      0x148 /opt/devkitpro/libctru/lib/libcitro3d.a(drawArrays.o)
                0x0000000000104af8                C3D_DrawArrays
 .text.C3D_DepthMap
                0x0000000000104c40       0x40 /opt/devkitpro/libctru/lib/libcitro3d.a(effect.o)
                0x0000000000104c40                C3D_DepthMap
 .text.C3D_CullFace
                0x0000000000104c80       0x1c /opt/devkitpro/libctru/lib/libcitro3d.a(effect.o)
                0x0000000000104c80                C3D_CullFace
 .text.C3D_StencilTest
                0x0000000000104c9c       0x40 /opt/devkitpro/libctru/lib/libcitro3d.a(effect.o)
                0x0000000000104c9c                C3D_StencilTest
 .text.C3D_StencilOp
                0x0000000000104cdc       0x24 /opt/devkitpro/libctru/lib/libcitro3d.a(effect.o)
                0x0000000000104cdc                C3D_StencilOp
 .text.C3D_BlendingColor
                0x0000000000104d00       0x1c /opt/devkitpro/libctru/lib/libcitro3d.a(effect.o)
                0x0000000000104d00                C3D_BlendingColor
 .text.C3D_EarlyDepthTest
                0x0000000000104d1c       0x24 /opt/devkitpro/libctru/lib/libcitro3d.a(effect.o)
                0x0000000000104d1c                C3D_EarlyDepthTest
 .text.C3D_DepthTest
                0x0000000000104d40       0x2c /opt/devkitpro/libctru/lib/libcitro3d.a(effect.o)
                0x0000000000104d40                C3D_DepthTest
 .text.C3D_AlphaTest
                0x0000000000104d6c       0x2c /opt/devkitpro/libctru/lib/libcitro3d.a(effect.o)
                0x0000000000104d6c                C3D_AlphaTest
 .text.C3D_AlphaBlend
                0x0000000000104d98       0x50 /opt/devkitpro/libctru/lib/libcitro3d.a(effect.o)
                0x0000000000104d98                C3D_AlphaBlend
 .text.C3D_FragOpMode
                0x0000000000104de8       0x30 /opt/devkitpro/libctru/lib/libcitro3d.a(effect.o)
                0x0000000000104de8                C3D_FragOpMode
 .text.C3D_FragOpShadow
                0x0000000000104e18       0x44 /opt/devkitpro/libctru/lib/libcitro3d.a(effect.o)
                0x0000000000104e18                C3D_FragOpShadow
 .text.C3Di_EffectBind
                0x0000000000104e5c      0x1ac /opt/devkitpro/libctru/lib/libcitro3d.a(effect.o)
                0x0000000000104e5c                C3Di_EffectBind
 .text.AttrInfo_Init
                0x0000000000105008       0x28 /opt/devkitpro/libctru/lib/libcitro3d.a(attribs.o)
                0x0000000000105008                AttrInfo_Init
 .text.AttrInfo_AddLoader
                0x0000000000105030       0x98 /opt/devkitpro/libctru/lib/libcitro3d.a(attribs.o)
                0x0000000000105030                AttrInfo_AddLoader
 .text.C3D_SetAttrInfo
                0x00000000001050c8       0x54 /opt/devkitpro/libctru/lib/libcitro3d.a(attribs.o)
                0x00000000001050c8                C3D_SetAttrInfo
 .text.C3Di_AttrInfoBind
                0x000000000010511c       0x80 /opt/devkitpro/libctru/lib/libcitro3d.a(attribs.o)
                0x000000000010511c                C3Di_AttrInfoBind
 .text.C3D_ImmSendAttrib
                0x000000000010519c       0xa8 /opt/devkitpro/libctru/lib/libcitro3d.a(immediate.o)
                0x000000000010519c                C3D_ImmSendAttrib
 .text.C3D_UpdateUniforms
                0x0000000000105244      0x29c /opt/devkitpro/libctru/lib/libcitro3d.a(uniforms.o)
                0x0000000000105244                C3D_UpdateUniforms
 .text.C3Di_DirtyUniforms
                0x00000000001054e0       0xc0 /opt/devkitpro/libctru/lib/libcitro3d.a(uniforms.o)
                0x00000000001054e0                C3Di_DirtyUniforms
 .text.C3Di_LoadShaderUniforms
                0x00000000001055a0       0xd8 /opt/devkitpro/libctru/lib/libcitro3d.a(uniforms.o)
                0x00000000001055a0                C3Di_LoadShaderUniforms
 .text.C3Di_ClearShaderUniforms
                0x0000000000105678       0x28 /opt/devkitpro/libctru/lib/libcitro3d.a(uniforms.o)
                0x0000000000105678                C3Di_ClearShaderUniforms
 .text.Mtx_Ortho
                0x00000000001056a0       0xcc /opt/devkitpro/libctru/lib/libcitro3d.a(mtx_ortho.o)
                0x00000000001056a0                Mtx_Ortho
 .text.Mtx_OrthoTilt
                0x000000000010576c       0xcc /opt/devkitpro/libctru/lib/libcitro3d.a(mtx_orthotilt.o)
                0x000000000010576c                Mtx_OrthoTilt
 .text._ZL21addrMapNodeComparatorPK11rbtree_nodeS1_
                0x0000000000105838       0x24 /opt/devkitpro/libctru/lib/libctru.a(vram.o)
 .text._ZL21addrMapNodeDestructorP11rbtree_node
                0x000000000010585c        0x4 /opt/devkitpro/libctru/lib/libctru.a(vram.o)
 .text.vramMemAlign
                0x0000000000105860      0x114 /opt/devkitpro/libctru/lib/libctru.a(vram.o)
                0x0000000000105860                vramMemAlign
 .text.vramAlloc
                0x0000000000105974        0x8 /opt/devkitpro/libctru/lib/libctru.a(vram.o)
                0x0000000000105974                vramAlloc
 .text.vramFree
                0x000000000010597c       0x5c /opt/devkitpro/libctru/lib/libctru.a(vram.o)
                0x000000000010597c                vramFree
 .text._ZL21addrMapNodeComparatorPK11rbtree_nodeS1_
                0x00000000001059d8       0x24 /opt/devkitpro/libctru/lib/libctru.a(linear.o)
 .text._ZL21addrMapNodeDestructorP11rbtree_node
                0x00000000001059fc        0x4 /opt/devkitpro/libctru/lib/libctru.a(linear.o)
 .text.linearMemAlign
                0x0000000000105a00      0x120 /opt/devkitpro/libctru/lib/libctru.a(linear.o)
                0x0000000000105a00                linearMemAlign
 .text.linearAlloc
                0x0000000000105b20        0x8 /opt/devkitpro/libctru/lib/libctru.a(linear.o)
                0x0000000000105b20                linearAlloc
 .text.linearFree
                0x0000000000105b28       0x5c /opt/devkitpro/libctru/lib/libctru.a(linear.o)
                0x0000000000105b28                linearFree
 .text._ZN7MemPool13CoalesceRightEP8MemBlock
                0x0000000000105b84       0x84 /opt/devkitpro/libctru/lib/libctru.a(mem_pool.o)
                0x0000000000105b84                MemPool::CoalesceRight(MemBlock*)
 .text._ZN7MemPool8AllocateER8MemChunkmi
                0x0000000000105c08      0x170 /opt/devkitpro/libctru/lib/libctru.a(mem_pool.o)
                0x0000000000105c08                MemPool::Allocate(MemChunk&, unsigned long, int)
 .text._ZN7MemPool10DeallocateERK8MemChunk
                0x0000000000105d78       0xfc /opt/devkitpro/libctru/lib/libctru.a(mem_pool.o)
                0x0000000000105d78                MemPool::Deallocate(MemChunk const&)
 .text.romfs_close
                0x0000000000105e74        0x8 /opt/devkitpro/libctru/lib/libctru.a(romfs_dev.o)
 .text.romfs_seek
                0x0000000000105e7c       0xc8 /opt/devkitpro/libctru/lib/libctru.a(romfs_dev.o)
 .text.romfs_dirreset
                0x0000000000105f44       0x24 /opt/devkitpro/libctru/lib/libctru.a(romfs_dev.o)
 .text.fill_dir
                0x0000000000105f68       0xc8 /opt/devkitpro/libctru/lib/libctru.a(romfs_dev.o)
 .text.romfs_dirnext
                0x0000000000106030      0x2b0 /opt/devkitpro/libctru/lib/libctru.a(romfs_dev.o)
 .text.romfs_free
                0x00000000001062e0       0x84 /opt/devkitpro/libctru/lib/libctru.a(romfs_dev.o)
 .text.searchForFile.constprop.0
                0x0000000000106364       0xd4 /opt/devkitpro/libctru/lib/libctru.a(romfs_dev.o)
 .text.searchForDir.constprop.0
                0x0000000000106438       0xd8 /opt/devkitpro/libctru/lib/libctru.a(romfs_dev.o)
 .text.navigateToDir.constprop.0
                0x0000000000106510      0x1c0 /opt/devkitpro/libctru/lib/libctru.a(romfs_dev.o)
 .text.romfs_open
                0x00000000001066d0      0x128 /opt/devkitpro/libctru/lib/libctru.a(romfs_dev.o)
 .text.romfs_chdir
                0x00000000001067f8       0x4c /opt/devkitpro/libctru/lib/libctru.a(romfs_dev.o)
 .text.romfs_diropen
                0x0000000000106844       0x70 /opt/devkitpro/libctru/lib/libctru.a(romfs_dev.o)
 .text.romfs_stat
                0x00000000001068b4      0x17c /opt/devkitpro/libctru/lib/libctru.a(romfs_dev.o)
 .text.romfs_dirclose
                0x0000000000106a30        0x8 /opt/devkitpro/libctru/lib/libctru.a(romfs_dev.o)
 .text.romfs_fstat
                0x0000000000106a38       0x7c /opt/devkitpro/libctru/lib/libctru.a(romfs_dev.o)
 .text.romfs_read
                0x0000000000106ab4       0xd4 /opt/devkitpro/libctru/lib/libctru.a(romfs_dev.o)
 .text.romfsMountFromFile
                0x0000000000106b88      0x290 /opt/devkitpro/libctru/lib/libctru.a(romfs_dev.o)
                0x0000000000106b88                romfsMountFromFile
 .text.romfsMountFromCurrentProcess
                0x0000000000106e18       0x98 /opt/devkitpro/libctru/lib/libctru.a(romfs_dev.o)
                0x0000000000106e18                romfsMountFromCurrentProcess
 .text.romfsMountSelf
                0x0000000000106eb0      0x25c /opt/devkitpro/libctru/lib/libctru.a(romfs_dev.o)
                0x0000000000106eb0                romfsMountSelf
 .text.romfsUnmount
                0x000000000010710c       0xac /opt/devkitpro/libctru/lib/libctru.a(romfs_dev.o)
                0x000000000010710c                romfsUnmount
 .text.osConvertVirtToPhys
                0x00000000001071b8       0x74 /opt/devkitpro/libctru/lib/libctru.a(os.o)
                0x00000000001071b8                osConvertVirtToPhys
 .text.osGetTimeRef
                0x000000000010722c       0x54 /opt/devkitpro/libctru/lib/libctru.a(os.o)
                0x000000000010722c                osGetTimeRef
 .text.osGetTime
                0x0000000000107280       0xe4 /opt/devkitpro/libctru/lib/libctru.a(os.o)
                0x0000000000107280                osGetTime
 .text.__libctru_gtod
                0x0000000000107364       0x74 /opt/devkitpro/libctru/lib/libctru.a(os.o)
                0x0000000000107364                __libctru_gtod
 .text.__ctru_speedup_config
                0x00000000001073d8       0x34 /opt/devkitpro/libctru/lib/libctru.a(os.o)
                0x00000000001073d8                __ctru_speedup_config
 .text.consoleDrawChar
                0x000000000010740c      0x178 /opt/devkitpro/libctru/lib/libctru.a(console.o)
                0x000000000010740c                consoleDrawChar
 .text.consolePrintChar
                0x0000000000107584      0x124 /opt/devkitpro/libctru/lib/libctru.a(console.o)
                0x0000000000107584                consolePrintChar
 .text.con_write
                0x00000000001076a8      0xa00 /opt/devkitpro/libctru/lib/libctru.a(console.o)
                0x00000000001076a8                con_write
 .text.consoleInit
                0x00000000001080a8      0x168 /opt/devkitpro/libctru/lib/libctru.a(console.o)
                0x00000000001080a8                consoleInit
 .text.newRow   0x0000000000108210       0xf4 /opt/devkitpro/libctru/lib/libctru.a(console.o)
 .text.gfxPresentFramebuffer
                0x0000000000108304       0xd0 /opt/devkitpro/libctru/lib/libctru.a(gfx.o)
 .text.gfxIsWide
                0x00000000001083d4       0x1c /opt/devkitpro/libctru/lib/libctru.a(gfx.o)
                0x00000000001083d4                gfxIsWide
 .text.gfxSetScreenFormat
                0x00000000001083f0       0xec /opt/devkitpro/libctru/lib/libctru.a(gfx.o)
                0x00000000001083f0                gfxSetScreenFormat
 .text.gfxSetDoubleBuffering
                0x00000000001084dc       0x10 /opt/devkitpro/libctru/lib/libctru.a(gfx.o)
                0x00000000001084dc                gfxSetDoubleBuffering
 .text.gfxInit  0x00000000001084ec      0x108 /opt/devkitpro/libctru/lib/libctru.a(gfx.o)
                0x00000000001084ec                gfxInit
 .text.gfxInitDefault
                0x00000000001085f4       0x10 /opt/devkitpro/libctru/lib/libctru.a(gfx.o)
                0x00000000001085f4                gfxInitDefault
 .text.gfxExit  0x0000000000108604       0xb4 /opt/devkitpro/libctru/lib/libctru.a(gfx.o)
                0x0000000000108604                gfxExit
 .text.gfxGetFramebuffer
                0x00000000001086b8       0xa0 /opt/devkitpro/libctru/lib/libctru.a(gfx.o)
                0x00000000001086b8                gfxGetFramebuffer
 .text.gfxFlushBuffers
                0x0000000000108758      0x10c /opt/devkitpro/libctru/lib/libctru.a(gfx.o)
                0x0000000000108758                gfxFlushBuffers
 .text.gfxScreenSwapBuffers
                0x0000000000108864       0x30 /opt/devkitpro/libctru/lib/libctru.a(gfx.o)
                0x0000000000108864                gfxScreenSwapBuffers
 .text.gfxSwapBuffersGpu
                0x0000000000108894       0x50 /opt/devkitpro/libctru/lib/libctru.a(gfx.o)
                0x0000000000108894                gfxSwapBuffersGpu
 .text.shaderInstanceInit
                0x00000000001088e4      0x1e0 /opt/devkitpro/libctru/lib/libctru.a(shaderProgram.o)
                0x00000000001088e4                shaderInstanceInit
 .text.shaderInstanceGetUniformLocation
                0x0000000000108ac4       0x18 /opt/devkitpro/libctru/lib/libctru.a(shaderProgram.o)
                0x0000000000108ac4                shaderInstanceGetUniformLocation
 .text.shaderProgramInit
                0x0000000000108adc       0x1c /opt/devkitpro/libctru/lib/libctru.a(shaderProgram.o)
                0x0000000000108adc                shaderProgramInit
 .text.shaderProgramFree
                0x0000000000108af8       0x64 /opt/devkitpro/libctru/lib/libctru.a(shaderProgram.o)
                0x0000000000108af8                shaderProgramFree
 .text.shaderProgramSetVsh
                0x0000000000108b5c       0x80 /opt/devkitpro/libctru/lib/libctru.a(shaderProgram.o)
                0x0000000000108b5c                shaderProgramSetVsh
 .text.shaderProgramConfigure
                0x0000000000108bdc      0x8c0 /opt/devkitpro/libctru/lib/libctru.a(shaderProgram.o)
                0x0000000000108bdc                shaderProgramConfigure
 .text.DVLE_GenerateOutmap.part.0
                0x000000000010949c      0x1f8 /opt/devkitpro/libctru/lib/libctru.a(shbin.o)
 .text.DVLB_ParseFile
                0x0000000000109694      0x1cc /opt/devkitpro/libctru/lib/libctru.a(shbin.o)
                0x0000000000109694                DVLB_ParseFile
 .text.DVLB_Free
                0x0000000000109860       0x38 /opt/devkitpro/libctru/lib/libctru.a(shbin.o)
                0x0000000000109860                DVLB_Free
 .text.DVLE_GetUniformRegister
                0x0000000000109898       0x74 /opt/devkitpro/libctru/lib/libctru.a(shbin.o)
                0x0000000000109898                DVLE_GetUniformRegister
 .text.GX_BindQueue
                0x000000000010990c       0x10 /opt/devkitpro/libctru/lib/libctru.a(gx.o)
                0x000000000010990c                GX_BindQueue
 .text.GX_ProcessCommandList
                0x000000000010991c       0x78 /opt/devkitpro/libctru/lib/libctru.a(gx.o)
                0x000000000010991c                GX_ProcessCommandList
 .text.GX_MemoryFill
                0x0000000000109994       0x74 /opt/devkitpro/libctru/lib/libctru.a(gx.o)
                0x0000000000109994                GX_MemoryFill
 .text.GX_DisplayTransfer
                0x0000000000109a08       0x70 /opt/devkitpro/libctru/lib/libctru.a(gx.o)
                0x0000000000109a08                GX_DisplayTransfer
 .text.GX_TextureCopy
                0x0000000000109a78       0x74 /opt/devkitpro/libctru/lib/libctru.a(gx.o)
                0x0000000000109a78                GX_TextureCopy
 .text.gxCmdQueueDoCommands.part.0
                0x0000000000109aec       0x68 /opt/devkitpro/libctru/lib/libctru.a(gxqueue.o)
 .text.gxCmdQueueInterrupt
                0x0000000000109b54       0xc8 /opt/devkitpro/libctru/lib/libctru.a(gxqueue.o)
                0x0000000000109b54                gxCmdQueueInterrupt
 .text.gxCmdQueueClear
                0x0000000000109c1c       0x4c /opt/devkitpro/libctru/lib/libctru.a(gxqueue.o)
                0x0000000000109c1c                gxCmdQueueClear
 .text.gxCmdQueueAdd
                0x0000000000109c68       0xf8 /opt/devkitpro/libctru/lib/libctru.a(gxqueue.o)
                0x0000000000109c68                gxCmdQueueAdd
 .text.gxCmdQueueRun
                0x0000000000109d60       0x80 /opt/devkitpro/libctru/lib/libctru.a(gxqueue.o)
                0x0000000000109d60                gxCmdQueueRun
 .text.gxCmdQueueStop
                0x0000000000109de0       0x60 /opt/devkitpro/libctru/lib/libctru.a(gxqueue.o)
                0x0000000000109de0                gxCmdQueueStop
 .text.gxCmdQueueWait
                0x0000000000109e40       0x74 /opt/devkitpro/libctru/lib/libctru.a(gxqueue.o)
                0x0000000000109e40                gxCmdQueueWait
 .text.GPUCMD_Add
                0x0000000000109eb4      0x13c /opt/devkitpro/libctru/lib/libctru.a(gpu.o)
                0x0000000000109eb4                GPUCMD_Add
 .text.GPUCMD_Split
                0x0000000000109ff0       0xac /opt/devkitpro/libctru/lib/libctru.a(gpu.o)
                0x0000000000109ff0                GPUCMD_Split
 .text.f32tof16
                0x000000000010a09c       0x40 /opt/devkitpro/libctru/lib/libctru.a(gpu.o)
                0x000000000010a09c                f32tof16
 .text.f32tof24
                0x000000000010a0dc       0x40 /opt/devkitpro/libctru/lib/libctru.a(gpu.o)
                0x000000000010a0dc                f32tof24
 .text.f32tof31
                0x000000000010a11c       0x44 /opt/devkitpro/libctru/lib/libctru.a(gpu.o)
                0x000000000010a11c                f32tof31
 .text.gspHardwareInit
                0x000000000010a160      0xc58 /opt/devkitpro/libctru/lib/libctru.a(gspgpu.o)
 .text.gspInit  0x000000000010adb8      0x254 /opt/devkitpro/libctru/lib/libctru.a(gspgpu.o)
                0x000000000010adb8                gspInit
 .text.gspExit  0x000000000010b00c       0xf0 /opt/devkitpro/libctru/lib/libctru.a(gspgpu.o)
                0x000000000010b00c                gspExit
 .text.gspHasGpuRight
                0x000000000010b0fc       0x10 /opt/devkitpro/libctru/lib/libctru.a(gspgpu.o)
                0x000000000010b0fc                gspHasGpuRight
 .text.gspPresentBuffer
                0x000000000010b10c       0x98 /opt/devkitpro/libctru/lib/libctru.a(gspgpu.o)
                0x000000000010b10c                gspPresentBuffer
 .text.gspSetEventCallback
                0x000000000010b1a4       0x30 /opt/devkitpro/libctru/lib/libctru.a(gspgpu.o)
                0x000000000010b1a4                gspSetEventCallback
 .text.gspWaitForEvent
                0x000000000010b1d4       0x50 /opt/devkitpro/libctru/lib/libctru.a(gspgpu.o)
                0x000000000010b1d4                gspWaitForEvent
 .text.gspWaitForAnyEvent
                0x000000000010b224       0x4c /opt/devkitpro/libctru/lib/libctru.a(gspgpu.o)
                0x000000000010b224                gspWaitForAnyEvent
 .text.gspEventThreadMain
                0x000000000010b270      0x160 /opt/devkitpro/libctru/lib/libctru.a(gspgpu.o)
 .text.gspSubmitGxCommand
                0x000000000010b3d0      0x130 /opt/devkitpro/libctru/lib/libctru.a(gspgpu.o)
                0x000000000010b3d0                gspSubmitGxCommand
 .text.GSPGPU_FlushDataCache
                0x000000000010b500       0x50 /opt/devkitpro/libctru/lib/libctru.a(gspgpu.o)
                0x000000000010b500                GSPGPU_FlushDataCache
 .text.GSPGPU_SetLcdForceBlack
                0x000000000010b550       0x34 /opt/devkitpro/libctru/lib/libctru.a(gspgpu.o)
                0x000000000010b550                GSPGPU_SetLcdForceBlack
 .text.GSPGPU_AcquireRight
                0x000000000010b584       0x68 /opt/devkitpro/libctru/lib/libctru.a(gspgpu.o)
                0x000000000010b584                GSPGPU_AcquireRight
 .text.GSPGPU_ReleaseRight
                0x000000000010b5ec       0x48 /opt/devkitpro/libctru/lib/libctru.a(gspgpu.o)
                0x000000000010b5ec                GSPGPU_ReleaseRight
 .text.GSPGPU_ImportDisplayCaptureInfo
                0x000000000010b634       0x7c /opt/devkitpro/libctru/lib/libctru.a(gspgpu.o)
                0x000000000010b634                GSPGPU_ImportDisplayCaptureInfo
 .text.GSPGPU_SaveVramSysArea
                0x000000000010b6b0       0x2c /opt/devkitpro/libctru/lib/libctru.a(gspgpu.o)
                0x000000000010b6b0                GSPGPU_SaveVramSysArea
 .text.GSPGPU_RestoreVramSysArea
                0x000000000010b6dc       0x2c /opt/devkitpro/libctru/lib/libctru.a(gspgpu.o)
                0x000000000010b6dc                GSPGPU_RestoreVramSysArea
 .text.aptConvertScreenForCapture
                0x000000000010b708      0x1b0 /opt/devkitpro/libctru/lib/libctru.a(apt.o)
 .text.aptDspSleep
                0x000000000010b8b8        0x8 /opt/devkitpro/libctru/lib/libctru.a(apt.o)
                0x000000000010b8b8                aptDspSleep
 .text.aptDspWakeup
                0x000000000010b8c0        0x4 /opt/devkitpro/libctru/lib/libctru.a(apt.o)
                0x000000000010b8c0                aptDspWakeup
 .text.aptDspCancel
                0x000000000010b8c4        0x4 /opt/devkitpro/libctru/lib/libctru.a(apt.o)
                0x000000000010b8c4                aptDspCancel
 .text.aptSendCommand
                0x000000000010b8c8      0x15c /opt/devkitpro/libctru/lib/libctru.a(apt.o)
                0x000000000010b8c8                aptSendCommand
 .text.aptExitProcess
                0x000000000010ba24       0x38 /opt/devkitpro/libctru/lib/libctru.a(apt.o)
 .text.aptExit  0x000000000010ba5c      0x2f0 /opt/devkitpro/libctru/lib/libctru.a(apt.o)
                0x000000000010ba5c                aptExit
 .text.aptHandleSleep
                0x000000000010bd4c       0xd8 /opt/devkitpro/libctru/lib/libctru.a(apt.o)
                0x000000000010bd4c                aptHandleSleep
 .text.aptHook  0x000000000010be24       0x30 /opt/devkitpro/libctru/lib/libctru.a(apt.o)
                0x000000000010be24                aptHook
 .text.aptUnhook
                0x000000000010be54       0x30 /opt/devkitpro/libctru/lib/libctru.a(apt.o)
                0x000000000010be54                aptUnhook
 .text.APT_SleepIfShellClosed
                0x000000000010be84       0x84 /opt/devkitpro/libctru/lib/libctru.a(apt.o)
                0x000000000010be84                APT_SleepIfShellClosed
 .text.aptSetSleepAllowed
                0x000000000010bf08       0x84 /opt/devkitpro/libctru/lib/libctru.a(apt.o)
                0x000000000010bf08                aptSetSleepAllowed
 .text.APT_UnlockTransition
                0x000000000010bf8c       0x84 /opt/devkitpro/libctru/lib/libctru.a(apt.o)
                0x000000000010bf8c                APT_UnlockTransition
 .text.aptEventHandler
                0x000000000010c010      0x484 /opt/devkitpro/libctru/lib/libctru.a(apt.o)
 .text.APT_ReceiveParameter
                0x000000000010c494       0xb0 /opt/devkitpro/libctru/lib/libctru.a(apt.o)
                0x000000000010c494                APT_ReceiveParameter
 .text.aptReceiveParameter.constprop.0
                0x000000000010c544       0xb0 /opt/devkitpro/libctru/lib/libctru.a(apt.o)
 *fill*         0x000000000010c5f4        0x4 
 .text.aptScreenTransfer
                0x000000000010c5f8      0x2bc /opt/devkitpro/libctru/lib/libctru.a(apt.o)
 .text.aptWaitForWakeUp.isra.0
                0x000000000010c8b4      0x2d0 /opt/devkitpro/libctru/lib/libctru.a(apt.o)
 .text.aptJumpToHomeMenu
                0x000000000010cb84       0xf8 /opt/devkitpro/libctru/lib/libctru.a(apt.o)
                0x000000000010cb84                aptJumpToHomeMenu
 .text.aptMainLoop
                0x000000000010cc7c       0x4c /opt/devkitpro/libctru/lib/libctru.a(apt.o)
                0x000000000010cc7c                aptMainLoop
 .text.aptInit  0x000000000010ccc8      0x234 /opt/devkitpro/libctru/lib/libctru.a(apt.o)
                0x000000000010ccc8                aptInit
 .text.APT_CheckNew3DS
                0x000000000010cefc       0x7c /opt/devkitpro/libctru/lib/libctru.a(apt.o)
                0x000000000010cefc                APT_CheckNew3DS
 .text.hidShouldUseIrrst
                0x000000000010cf78       0x24 /opt/devkitpro/libctru/lib/libctru.a(hid.o)
                0x000000000010cf78                hidShouldUseIrrst
 .text.hidInit  0x000000000010cf9c      0x18c /opt/devkitpro/libctru/lib/libctru.a(hid.o)
                0x000000000010cf9c                hidInit
 .text.hidExit  0x000000000010d128       0xe8 /opt/devkitpro/libctru/lib/libctru.a(hid.o)
                0x000000000010d128                hidExit
 .text.hidScanInput
                0x000000000010d210      0x294 /opt/devkitpro/libctru/lib/libctru.a(hid.o)
                0x000000000010d210                hidScanInput
 .text.hidKeysHeld
                0x000000000010d4a4       0x10 /opt/devkitpro/libctru/lib/libctru.a(hid.o)
                0x000000000010d4a4                hidKeysHeld
 .text.hidKeysDown
                0x000000000010d4b4       0x10 /opt/devkitpro/libctru/lib/libctru.a(hid.o)
                0x000000000010d4b4                hidKeysDown
 .text.ptmSysmInit
                0x000000000010d4c4       0x74 /opt/devkitpro/libctru/lib/libctru.a(ptmsysm.o)
                0x000000000010d4c4                ptmSysmInit
 .text.ptmSysmExit
                0x000000000010d538       0x3c /opt/devkitpro/libctru/lib/libctru.a(ptmsysm.o)
                0x000000000010d538                ptmSysmExit
 .text.PTMSYSM_ConfigureNew3DSCPU
                0x000000000010d574       0x34 /opt/devkitpro/libctru/lib/libctru.a(ptmsysm.o)
                0x000000000010d574                PTMSYSM_ConfigureNew3DSCPU
 .text.fsInit   0x000000000010d5a8       0xc8 /opt/devkitpro/libctru/lib/libctru.a(fs.o)
                0x000000000010d5a8                fsInit
 .text.fsExit   0x000000000010d670       0x3c /opt/devkitpro/libctru/lib/libctru.a(fs.o)
                0x000000000010d670                fsExit
 .text.fsExemptFromSession
                0x000000000010d6ac       0x60 /opt/devkitpro/libctru/lib/libctru.a(fs.o)
                0x000000000010d6ac                fsExemptFromSession
 .text.fsUnexemptFromSession
                0x000000000010d70c       0x50 /opt/devkitpro/libctru/lib/libctru.a(fs.o)
                0x000000000010d70c                fsUnexemptFromSession
 .text.FSUSER_OpenFile
                0x000000000010d75c       0xcc /opt/devkitpro/libctru/lib/libctru.a(fs.o)
                0x000000000010d75c                FSUSER_OpenFile
 .text.FSUSER_OpenFileDirectly
                0x000000000010d828       0xd4 /opt/devkitpro/libctru/lib/libctru.a(fs.o)
                0x000000000010d828                FSUSER_OpenFileDirectly
 .text.FSUSER_DeleteFile
                0x000000000010d8fc       0xbc /opt/devkitpro/libctru/lib/libctru.a(fs.o)
                0x000000000010d8fc                FSUSER_DeleteFile
 .text.FSUSER_RenameFile
                0x000000000010d9b8       0xf8 /opt/devkitpro/libctru/lib/libctru.a(fs.o)
                0x000000000010d9b8                FSUSER_RenameFile
 .text.FSUSER_DeleteDirectory
                0x000000000010dab0       0xbc /opt/devkitpro/libctru/lib/libctru.a(fs.o)
                0x000000000010dab0                FSUSER_DeleteDirectory
 .text.FSUSER_CreateFile
                0x000000000010db6c       0xd4 /opt/devkitpro/libctru/lib/libctru.a(fs.o)
                0x000000000010db6c                FSUSER_CreateFile
 .text.FSUSER_CreateDirectory
                0x000000000010dc40       0xc4 /opt/devkitpro/libctru/lib/libctru.a(fs.o)
                0x000000000010dc40                FSUSER_CreateDirectory
 .text.FSUSER_RenameDirectory
                0x000000000010dd04       0xf8 /opt/devkitpro/libctru/lib/libctru.a(fs.o)
                0x000000000010dd04                FSUSER_RenameDirectory
 .text.FSUSER_OpenDirectory
                0x000000000010ddfc       0xb4 /opt/devkitpro/libctru/lib/libctru.a(fs.o)
                0x000000000010ddfc                FSUSER_OpenDirectory
 .text.FSUSER_OpenArchive
                0x000000000010deb0       0x94 /opt/devkitpro/libctru/lib/libctru.a(fs.o)
                0x000000000010deb0                FSUSER_OpenArchive
 .text.FSUSER_CloseArchive
                0x000000000010df44       0x8c /opt/devkitpro/libctru/lib/libctru.a(fs.o)
                0x000000000010df44                FSUSER_CloseArchive
 .text.FSUSER_GetSdmcArchiveResource
                0x000000000010dfd0       0x74 /opt/devkitpro/libctru/lib/libctru.a(fs.o)
                0x000000000010dfd0                FSUSER_GetSdmcArchiveResource
 .text.FSUSER_IsSdmcWritable
                0x000000000010e044       0x64 /opt/devkitpro/libctru/lib/libctru.a(fs.o)
                0x000000000010e044                FSUSER_IsSdmcWritable
 .text.FSFILE_Read
                0x000000000010e0a8       0x58 /opt/devkitpro/libctru/lib/libctru.a(fs.o)
                0x000000000010e0a8                FSFILE_Read
 .text.FSFILE_Write
                0x000000000010e100       0x60 /opt/devkitpro/libctru/lib/libctru.a(fs.o)
                0x000000000010e100                FSFILE_Write
 .text.FSFILE_GetSize
                0x000000000010e160       0x38 /opt/devkitpro/libctru/lib/libctru.a(fs.o)
                0x000000000010e160                FSFILE_GetSize
 .text.FSFILE_SetSize
                0x000000000010e198       0x28 /opt/devkitpro/libctru/lib/libctru.a(fs.o)
                0x000000000010e198                FSFILE_SetSize
 .text.FSFILE_Close
                0x000000000010e1c0       0x3c /opt/devkitpro/libctru/lib/libctru.a(fs.o)
                0x000000000010e1c0                FSFILE_Close
 .text.FSFILE_Flush
                0x000000000010e1fc       0x24 /opt/devkitpro/libctru/lib/libctru.a(fs.o)
                0x000000000010e1fc                FSFILE_Flush
 .text.FSDIR_Read
                0x000000000010e220       0x50 /opt/devkitpro/libctru/lib/libctru.a(fs.o)
                0x000000000010e220                FSDIR_Read
 .text.FSDIR_Close
                0x000000000010e270       0x3c /opt/devkitpro/libctru/lib/libctru.a(fs.o)
                0x000000000010e270                FSDIR_Close
 .text.buffer_read
                0x000000000010e2ac       0xcc /opt/devkitpro/libctru/lib/libctru.a(decompress.o)
 .text.iov_read
                0x000000000010e378       0xd0 /opt/devkitpro/libctru/lib/libctru.a(decompress.o)
 .text.iov_memmove
                0x000000000010e448      0x128 /opt/devkitpro/libctru/lib/libctru.a(decompress.o)
 .text.decompress_rle
                0x000000000010e570      0x1d8 /opt/devkitpro/libctru/lib/libctru.a(decompress.o)
 .text.decompress_lzss
                0x000000000010e748      0x258 /opt/devkitpro/libctru/lib/libctru.a(decompress.o)
 .text.decompress_huff.part.0
                0x000000000010e9a0      0x2ec /opt/devkitpro/libctru/lib/libctru.a(decompress.o)
 .text.decompress_lz11
                0x000000000010ec8c      0x440 /opt/devkitpro/libctru/lib/libctru.a(decompress.o)
 .text.decompressCallback_Stdio
                0x000000000010f0cc       0x10 /opt/devkitpro/libctru/lib/libctru.a(decompress.o)
                0x000000000010f0cc                decompressCallback_Stdio
 .text.decompressHeader
                0x000000000010f0dc       0xe4 /opt/devkitpro/libctru/lib/libctru.a(decompress.o)
                0x000000000010f0dc                decompressHeader
 .text.decompressV
                0x000000000010f1c0      0x250 /opt/devkitpro/libctru/lib/libctru.a(decompress.o)
                0x000000000010f1c0                decompressV
 .text.rbtree_init
                0x000000000010f410       0x10 /opt/devkitpro/libctru/lib/libctru.a(rbtree_init.o)
                0x000000000010f410                rbtree_init
 .text.do_insert
                0x000000000010f420      0x1a0 /opt/devkitpro/libctru/lib/libctru.a(rbtree_insert.o)
 .text.rbtree_insert
                0x000000000010f5c0        0x8 /opt/devkitpro/libctru/lib/libctru.a(rbtree_insert.o)
                0x000000000010f5c0                rbtree_insert
 .text.rbtree_rotate
                0x000000000010f5c8       0x90 /opt/devkitpro/libctru/lib/libctru.a(rbtree_rotate.o)
                0x000000000010f5c8                rbtree_rotate
 .text.rbtree_remove
                0x000000000010f658      0x338 /opt/devkitpro/libctru/lib/libctru.a(rbtree_remove.o)
                0x000000000010f658                rbtree_remove
 .text.rbtree_find
                0x000000000010f990       0x74 /opt/devkitpro/libctru/lib/libctru.a(rbtree_find.o)
                0x000000000010f990                rbtree_find
 .text.utf16_to_utf8
                0x000000000010fa04       0xe8 /opt/devkitpro/libctru/lib/libctru.a(utf16_to_utf8.o)
                0x000000000010fa04                utf16_to_utf8
 .text.decode_utf16
                0x000000000010faec       0x64 /opt/devkitpro/libctru/lib/libctru.a(decode_utf16.o)
                0x000000000010faec                decode_utf16
 .text.utf8_to_utf16
                0x000000000010fb50       0xc0 /opt/devkitpro/libctru/lib/libctru.a(utf8_to_utf16.o)
                0x000000000010fb50                utf8_to_utf16
 .text.__system_allocateHeaps
                0x000000000010fc10      0x1e0 /opt/devkitpro/libctru/lib/libctru.a(allocateHeaps.o)
                0x000000000010fc10                __system_allocateHeaps
 .text.__libctru_init
                0x000000000010fdf0       0x38 /opt/devkitpro/libctru/lib/libctru.a(ctru_init.o)
                0x000000000010fdf0                __libctru_init
 .text.__system_initArgv
                0x000000000010fe28       0xf0 /opt/devkitpro/libctru/lib/libctru.a(initArgv.o)
                0x000000000010fe28                __system_initArgv
 .text.svcControlMemory
                0x000000000010ff18       0x20 /opt/devkitpro/libctru/lib/libctru.a(svc.o)
                0x000000000010ff18                svcControlMemory
 .text.svcQueryMemory
                0x000000000010ff38       0x30 /opt/devkitpro/libctru/lib/libctru.a(svc.o)
                0x000000000010ff38                svcQueryMemory
 .text.svcExitProcess
                0x000000000010ff68        0x8 /opt/devkitpro/libctru/lib/libctru.a(svc.o)
                0x000000000010ff68                svcExitProcess
 .text.svcCreateThread
                0x000000000010ff70       0x20 /opt/devkitpro/libctru/lib/libctru.a(svc.o)
                0x000000000010ff70                svcCreateThread
 .text.svcExitThread
                0x000000000010ff90        0x8 /opt/devkitpro/libctru/lib/libctru.a(svc.o)
                0x000000000010ff90                svcExitThread
 .text.svcSleepThread
                0x000000000010ff98        0x8 /opt/devkitpro/libctru/lib/libctru.a(svc.o)
                0x000000000010ff98                svcSleepThread
 .text.svcReleaseMutex
                0x000000000010ffa0        0x8 /opt/devkitpro/libctru/lib/libctru.a(svc.o)
                0x000000000010ffa0                svcReleaseMutex
 .text.svcCreateEvent
                0x000000000010ffa8       0x14 /opt/devkitpro/libctru/lib/libctru.a(svc.o)
                0x000000000010ffa8                svcCreateEvent
 .text.svcSignalEvent
                0x000000000010ffbc        0x8 /opt/devkitpro/libctru/lib/libctru.a(svc.o)
                0x000000000010ffbc                svcSignalEvent
 .text.svcClearEvent
                0x000000000010ffc4        0x8 /opt/devkitpro/libctru/lib/libctru.a(svc.o)
                0x000000000010ffc4                svcClearEvent
 .text.svcMapMemoryBlock
                0x000000000010ffcc        0x8 /opt/devkitpro/libctru/lib/libctru.a(svc.o)
                0x000000000010ffcc                svcMapMemoryBlock
 .text.svcUnmapMemoryBlock
                0x000000000010ffd4        0x8 /opt/devkitpro/libctru/lib/libctru.a(svc.o)
                0x000000000010ffd4                svcUnmapMemoryBlock
 .text.svcCreateAddressArbiter
                0x000000000010ffdc       0x14 /opt/devkitpro/libctru/lib/libctru.a(svc.o)
                0x000000000010ffdc                svcCreateAddressArbiter
 .text.svcArbitrateAddressNoTimeout
                0x000000000010fff0        0x8 /opt/devkitpro/libctru/lib/libctru.a(svc.o)
                0x000000000010fff0                svcArbitrateAddressNoTimeout
 .text.svcCloseHandle
                0x000000000010fff8        0x8 /opt/devkitpro/libctru/lib/libctru.a(svc.o)
                0x000000000010fff8                svcCloseHandle
 .text.svcWaitSynchronization
                0x0000000000110000        0x8 /opt/devkitpro/libctru/lib/libctru.a(svc.o)
                0x0000000000110000                svcWaitSynchronization
 .text.svcWaitSynchronizationN
                0x0000000000110008       0x28 /opt/devkitpro/libctru/lib/libctru.a(svc.o)
                0x0000000000110008                svcWaitSynchronizationN
 .text.svcDuplicateHandle
                0x0000000000110030       0x14 /opt/devkitpro/libctru/lib/libctru.a(svc.o)
                0x0000000000110030                svcDuplicateHandle
 .text.svcGetSystemTick
                0x0000000000110044        0x8 /opt/devkitpro/libctru/lib/libctru.a(svc.o)
                0x0000000000110044                svcGetSystemTick
 .text.svcConnectToPort
                0x000000000011004c       0x14 /opt/devkitpro/libctru/lib/libctru.a(svc.o)
                0x000000000011004c                svcConnectToPort
 .text.svcSendSyncRequest
                0x0000000000110060        0x8 /opt/devkitpro/libctru/lib/libctru.a(svc.o)
                0x0000000000110060                svcSendSyncRequest
 .text.svcGetResourceLimit
                0x0000000000110068       0x14 /opt/devkitpro/libctru/lib/libctru.a(svc.o)
                0x0000000000110068                svcGetResourceLimit
 .text.svcGetResourceLimitLimitValues
                0x000000000011007c        0x8 /opt/devkitpro/libctru/lib/libctru.a(svc.o)
                0x000000000011007c                svcGetResourceLimitLimitValues
 .text.svcGetResourceLimitCurrentValues
                0x0000000000110084        0x8 /opt/devkitpro/libctru/lib/libctru.a(svc.o)
                0x0000000000110084                svcGetResourceLimitCurrentValues
 .text.svcBreak
                0x000000000011008c        0x8 /opt/devkitpro/libctru/lib/libctru.a(svc.o)
                0x000000000011008c                svcBreak
 .text.initSystem
                0x0000000000110094       0x50 /opt/devkitpro/libctru/lib/libctru.a(stack_adjust.o)
                0x0000000000110094                initSystem
 .text.__ctru_exit
                0x00000000001100e4       0x18 /opt/devkitpro/libctru/lib/libctru.a(stack_adjust.o)
                0x00000000001100e4                __ctru_exit
 .text.__aeabi_read_tp
                0x00000000001100fc        0xc /opt/devkitpro/libctru/lib/libctru.a(readtp.o)
                0x00000000001100fc                __aeabi_read_tp
 .text.__sync_init
                0x0000000000110108        0xc /opt/devkitpro/libctru/lib/libctru.a(synchronization.o)
                0x0000000000110108                __sync_init
 .text.__sync_fini
                0x0000000000110114       0x18 /opt/devkitpro/libctru/lib/libctru.a(synchronization.o)
                0x0000000000110114                __sync_fini
 .text.syncArbitrateAddress
                0x000000000011012c       0x2c /opt/devkitpro/libctru/lib/libctru.a(synchronization.o)
                0x000000000011012c                syncArbitrateAddress
 .text.LightLock_Init
                0x0000000000110158       0x1c /opt/devkitpro/libctru/lib/libctru.a(synchronization.o)
                0x0000000000110158                LightLock_Init
 .text.LightLock_Lock
                0x0000000000110174       0x94 /opt/devkitpro/libctru/lib/libctru.a(synchronization.o)
                0x0000000000110174                LightLock_Lock
 .text.LightLock_TryLock
                0x0000000000110208       0x44 /opt/devkitpro/libctru/lib/libctru.a(synchronization.o)
                0x0000000000110208                LightLock_TryLock
 .text.LightLock_Unlock
                0x000000000011024c       0x40 /opt/devkitpro/libctru/lib/libctru.a(synchronization.o)
                0x000000000011024c                LightLock_Unlock
 .text.RecursiveLock_Init
                0x000000000011028c       0x24 /opt/devkitpro/libctru/lib/libctru.a(synchronization.o)
                0x000000000011028c                RecursiveLock_Init
 .text.RecursiveLock_Lock
                0x00000000001102b0       0x30 /opt/devkitpro/libctru/lib/libctru.a(synchronization.o)
                0x00000000001102b0                RecursiveLock_Lock
 .text.RecursiveLock_TryLock
                0x00000000001102e0       0x78 /opt/devkitpro/libctru/lib/libctru.a(synchronization.o)
                0x00000000001102e0                RecursiveLock_TryLock
 .text.RecursiveLock_Unlock
                0x0000000000110358       0x54 /opt/devkitpro/libctru/lib/libctru.a(synchronization.o)
                0x0000000000110358                RecursiveLock_Unlock
 .text.LightEvent_Init
                0x00000000001103ac       0x40 /opt/devkitpro/libctru/lib/libctru.a(synchronization.o)
                0x00000000001103ac                LightEvent_Init
 .text.LightEvent_Clear
                0x00000000001103ec       0xa4 /opt/devkitpro/libctru/lib/libctru.a(synchronization.o)
                0x00000000001103ec                LightEvent_Clear
 .text.LightEvent_Signal
                0x0000000000110490       0xc8 /opt/devkitpro/libctru/lib/libctru.a(synchronization.o)
                0x0000000000110490                LightEvent_Signal
 .text.LightEvent_TryWait
                0x0000000000110558       0x58 /opt/devkitpro/libctru/lib/libctru.a(synchronization.o)
                0x0000000000110558                LightEvent_TryWait
 .text.LightEvent_Wait
                0x00000000001105b0       0xb0 /opt/devkitpro/libctru/lib/libctru.a(synchronization.o)
                0x00000000001105b0                LightEvent_Wait
 .text.envGetHandle
                0x0000000000110660       0x84 /opt/devkitpro/libctru/lib/libctru.a(env.o)
                0x0000000000110660                envGetHandle
 .text.envDestroyHandles
                0x00000000001106e4       0x50 /opt/devkitpro/libctru/lib/libctru.a(env.o)
                0x00000000001106e4                envDestroyHandles
 .text.srvInit  0x0000000000110734      0x124 /opt/devkitpro/libctru/lib/libctru.a(srv.o)
                0x0000000000110734                srvInit
 .text.srvExit  0x0000000000110858       0x58 /opt/devkitpro/libctru/lib/libctru.a(srv.o)
                0x0000000000110858                srvExit
 .text.srvGetServiceHandleDirect
                0x00000000001108b0       0x80 /opt/devkitpro/libctru/lib/libctru.a(srv.o)
                0x00000000001108b0                srvGetServiceHandleDirect
 .text.srvGetServiceHandle
                0x0000000000110930       0x48 /opt/devkitpro/libctru/lib/libctru.a(srv.o)
                0x0000000000110930                srvGetServiceHandle
 .text.srvPublishToSubscriber
                0x0000000000110978       0x38 /opt/devkitpro/libctru/lib/libctru.a(srv.o)
                0x0000000000110978                srvPublishToSubscriber
 .text.threadCreate
                0x00000000001109b0      0x188 /opt/devkitpro/libctru/lib/libctru.a(thread.o)
                0x00000000001109b0                threadCreate
 .text.threadFree
                0x0000000000110b38       0x2c /opt/devkitpro/libctru/lib/libctru.a(thread.o)
                0x0000000000110b38                threadFree
 .text.threadJoin
                0x0000000000110b64       0x24 /opt/devkitpro/libctru/lib/libctru.a(thread.o)
                0x0000000000110b64                threadJoin
 .text.threadGetCurrent
                0x0000000000110b88       0x30 /opt/devkitpro/libctru/lib/libctru.a(thread.o)
                0x0000000000110b88                threadGetCurrent
 .text.threadExit
                0x0000000000110bb8       0x40 /opt/devkitpro/libctru/lib/libctru.a(thread.o)
                0x0000000000110bb8                threadExit
 .text._thread_begin
                0x0000000000110bf8       0x44 /opt/devkitpro/libctru/lib/libctru.a(thread.o)
 .text.mappableFindAddressWithin
                0x0000000000110c3c       0x94 /opt/devkitpro/libctru/lib/libctru.a(mappable.o)
 .text.mappableInit
                0x0000000000110cd0       0x28 /opt/devkitpro/libctru/lib/libctru.a(mappable.o)
                0x0000000000110cd0                mappableInit
 .text.mappableAlloc
                0x0000000000110cf8       0x80 /opt/devkitpro/libctru/lib/libctru.a(mappable.o)
                0x0000000000110cf8                mappableAlloc
 .text.mappableFree
                0x0000000000110d78        0x4 /opt/devkitpro/libctru/lib/libctru.a(mappable.o)
                0x0000000000110d78                mappableFree
 .text.irrstInit
                0x0000000000110d7c      0x160 /opt/devkitpro/libctru/lib/libctru.a(irrst.o)
                0x0000000000110d7c                irrstInit
 .text.irrstExit
                0x0000000000110edc       0xcc /opt/devkitpro/libctru/lib/libctru.a(irrst.o)
                0x0000000000110edc                irrstExit
 .text.irrstScanInput
                0x0000000000110fa8       0xb0 /opt/devkitpro/libctru/lib/libctru.a(irrst.o)
                0x0000000000110fa8                irrstScanInput
 .text.irrstKeysHeld
                0x0000000000111058       0x24 /opt/devkitpro/libctru/lib/libctru.a(irrst.o)
                0x0000000000111058                irrstKeysHeld
 .text.srvPmGetSessionHandle
                0x000000000011107c        0xc /opt/devkitpro/libctru/lib/libctru.a(srvpm.o)
                0x000000000011107c                srvPmGetSessionHandle
 .text.rbtree_node_next
                0x0000000000111088       0x50 /opt/devkitpro/libctru/lib/libctru.a(rbtree_iterator.o)
                0x0000000000111088                rbtree_node_next
 .text.encode_utf16
                0x00000000001110d8       0x60 /opt/devkitpro/libctru/lib/libctru.a(encode_utf16.o)
                0x00000000001110d8                encode_utf16
 .text.encode_utf8
                0x0000000000111138       0xfc /opt/devkitpro/libctru/lib/libctru.a(encode_utf8.o)
                0x0000000000111138                encode_utf8
 .text.decode_utf8
                0x0000000000111234      0x13c /opt/devkitpro/libctru/lib/libctru.a(decode_utf8.o)
                0x0000000000111234                decode_utf8
 .text.__appInit
                0x0000000000111370       0x30 /opt/devkitpro/libctru/lib/libctru.a(appInit.o)
                0x0000000000111370                __appInit
 .text.__libctru_nanosleep
                0x00000000001113a0       0x30 /opt/devkitpro/libctru/lib/libctru.a(syscalls.o)
 .text.__libctru_get_reent
                0x00000000001113d0       0x30 /opt/devkitpro/libctru/lib/libctru.a(syscalls.o)
 .text.__system_initSyscalls
                0x0000000000111400       0xf8 /opt/devkitpro/libctru/lib/libctru.a(syscalls.o)
                0x0000000000111400                __system_initSyscalls
 .text.__appExit
                0x00000000001114f8       0x30 /opt/devkitpro/libctru/lib/libctru.a(appExit.o)
                0x00000000001114f8                __appExit
 .text.__libctru_exit
                0x0000000000111528       0x90 /opt/devkitpro/libctru/lib/libctru.a(ctru_exit.o)
                0x0000000000111528                __libctru_exit
 .text.archive_link
                0x00000000001115b8       0x14 /opt/devkitpro/libctru/lib/libctru.a(archive_dev.o)
 .text.archive_dirreset
                0x00000000001115cc       0x14 /opt/devkitpro/libctru/lib/libctru.a(archive_dev.o)
 .text.archive_chmod
                0x00000000001115e0       0x14 /opt/devkitpro/libctru/lib/libctru.a(archive_dev.o)
 .text.error_cmp
                0x00000000001115f4       0x24 /opt/devkitpro/libctru/lib/libctru.a(archive_dev.o)
 .text.archive_translate_error
                0x0000000000111618       0x50 /opt/devkitpro/libctru/lib/libctru.a(archive_dev.o)
 .text.archive_seek
                0x0000000000111668       0xd4 /opt/devkitpro/libctru/lib/libctru.a(archive_dev.o)
 .text._archiveInit.part.0
                0x000000000011173c       0x7c /opt/devkitpro/libctru/lib/libctru.a(archive_dev.o)
 .text.archiveFindDevice.part.0
                0x00000000001117b8       0x8c /opt/devkitpro/libctru/lib/libctru.a(archive_dev.o)
 .text.archive_utf16path
                0x0000000000111844      0x294 /opt/devkitpro/libctru/lib/libctru.a(archive_dev.o)
 .text._archiveUnmountDeviceStruct.part.0
                0x0000000000111ad8       0xa0 /opt/devkitpro/libctru/lib/libctru.a(archive_dev.o)
 .text.archive_fchmod
                0x0000000000111b78       0x14 /opt/devkitpro/libctru/lib/libctru.a(archive_dev.o)
 .text.archive_statvfs
                0x0000000000111b8c       0x14 /opt/devkitpro/libctru/lib/libctru.a(archive_dev.o)
 .text._archiveMountDevice
                0x0000000000111ba0      0x158 /opt/devkitpro/libctru/lib/libctru.a(archive_dev.o)
 .text.archive_diropen
                0x0000000000111cf8       0xe8 /opt/devkitpro/libctru/lib/libctru.a(archive_dev.o)
 .text.archive_fstat
                0x0000000000111de0       0xa4 /opt/devkitpro/libctru/lib/libctru.a(archive_dev.o)
 .text.archive_close
                0x0000000000111e84       0x6c /opt/devkitpro/libctru/lib/libctru.a(archive_dev.o)
 .text.archive_fsync
                0x0000000000111ef0       0x6c /opt/devkitpro/libctru/lib/libctru.a(archive_dev.o)
 .text.archive_dirclose
                0x0000000000111f5c       0x70 /opt/devkitpro/libctru/lib/libctru.a(archive_dev.o)
 .text.sdmc_statvfs
                0x0000000000111fcc       0xe8 /opt/devkitpro/libctru/lib/libctru.a(archive_dev.o)
 .text.archive_ftruncate
                0x00000000001120b4       0x80 /opt/devkitpro/libctru/lib/libctru.a(archive_dev.o)
 .text.archive_chdir
                0x0000000000112134       0xfc /opt/devkitpro/libctru/lib/libctru.a(archive_dev.o)
 .text.archive_read
                0x0000000000112230       0xb0 /opt/devkitpro/libctru/lib/libctru.a(archive_dev.o)
 .text.archive_unlink
                0x00000000001122e0       0xac /opt/devkitpro/libctru/lib/libctru.a(archive_dev.o)
 .text.archive_rmdir
                0x000000000011238c       0xc8 /opt/devkitpro/libctru/lib/libctru.a(archive_dev.o)
 .text.archive_mkdir
                0x0000000000112454       0xec /opt/devkitpro/libctru/lib/libctru.a(archive_dev.o)
 .text.archive_stat
                0x0000000000112540      0x1a8 /opt/devkitpro/libctru/lib/libctru.a(archive_dev.o)
 .text.archive_rename
                0x00000000001126e8      0x184 /opt/devkitpro/libctru/lib/libctru.a(archive_dev.o)
 .text.archive_dirnext
                0x000000000011286c      0x168 /opt/devkitpro/libctru/lib/libctru.a(archive_dev.o)
 .text.archive_write
                0x00000000001129d4      0x12c /opt/devkitpro/libctru/lib/libctru.a(archive_dev.o)
 .text.archive_open
                0x0000000000112b00      0x1f0 /opt/devkitpro/libctru/lib/libctru.a(archive_dev.o)
 .text.archiveMountSdmc
                0x0000000000112cf0      0x1a4 /opt/devkitpro/libctru/lib/libctru.a(archive_dev.o)
                0x0000000000112cf0                archiveMountSdmc
 .text.archiveUnmountAll
                0x0000000000112e94       0x54 /opt/devkitpro/libctru/lib/libctru.a(archive_dev.o)
                0x0000000000112e94                archiveUnmountAll
 .text.cosf     0x0000000000112ee8      0x22c /opt/devkitpro/devkitARM/bin/../lib/gcc/arm-none-eabi/11.1.0/../../../../arm-none-eabi/lib/armv6k/fpu/libm.a(lib_a-cosf.o)
                0x0000000000112ee8                cosf
 .text.with_errnof
                0x0000000000113114       0x24 /opt/devkitpro/devkitARM/bin/../lib/gcc/arm-none-eabi/11.1.0/../../../../arm-none-eabi/lib/armv6k/fpu/libm.a(lib_a-math_errf.o)
 .text.__math_invalidf
                0x0000000000113138       0x1c /opt/devkitpro/devkitARM/bin/../lib/gcc/arm-none-eabi/11.1.0/../../../../arm-none-eabi/lib/armv6k/fpu/libm.a(lib_a-math_errf.o)
                0x0000000000113138                __math_invalidf
 *fill*         0x0000000000113154        0x4 
 .text.sinf     0x0000000000113158      0x26c /opt/devkitpro/devkitARM/bin/../lib/gcc/arm-none-eabi/11.1.0/../../../../arm-none-eabi/lib/armv6k/fpu/libm.a(lib_a-sinf.o)
                0x0000000000113158                sinf
 .text.__udivmoddi4
                0x00000000001133c4      0x120 /opt/devkitpro/devkitARM/bin/../lib/gcc/arm-none-eabi/11.1.0/armv6k/fpu/libgcc.a(_udivmoddi4.o)
                0x00000000001133c4                __udivmoddi4
 .text.bsearch  0x00000000001134e4       0x78 /opt/devkitpro/devkitARM/bin/../lib/gcc/arm-none-eabi/11.1.0/../../../../arm-none-eabi/lib/armv6k/fpu/libg.a(lib_a-bsearch.o)
                0x00000000001134e4                bsearch
 .text.calloc   0x000000000011355c       0x28 /opt/devkitpro/devkitARM/bin/../lib/gcc/arm-none-eabi/11.1.0/../../../../arm-none-eabi/lib/armv6k/fpu/libg.a(lib_a-calloc.o)
                0x000000000011355c                calloc
 .text._calloc_r
                0x0000000000113584       0xbc /opt/devkitpro/devkitARM/bin/../lib/gcc/arm-none-eabi/11.1.0/../../../../arm-none-eabi/lib/armv6k/fpu/libg.a(lib_a-callocr.o)
                0x0000000000113584                _calloc_r
 .text.__errno  0x0000000000113640        0xc /opt/devkitpro/devkitARM/bin/../lib/gcc/arm-none-eabi/11.1.0/../../../../arm-none-eabi/lib/armv6k/fpu/libg.a(lib_a-errno.o)
                0x0000000000113640                __errno
 .text.exit     0x000000000011364c       0x34 /opt/devkitpro/devkitARM/bin/../lib/gcc/arm-none-eabi/11.1.0/../../../../arm-none-eabi/lib/armv6k/fpu/libg.a(lib_a-exit.o)
                0x000000000011364c                exit
 .text._fclose_r
                0x0000000000113680      0x160 /opt/devkitpro/devkitARM/bin/../lib/gcc/arm-none-eabi/11.1.0/../../../../arm-none-eabi/lib/armv6k/fpu/libg.a(lib_a-fclose.o)
                0x0000000000113680                _fclose_r
 .text.fclose   0x00000000001137e0       0x20 /opt/devkitpro/devkitARM/bin/../lib/gcc/arm-none-eabi/11.1.0/../../../../arm-none-eabi/lib/armv6k/fpu/libg.a(lib_a-fclose.o)
                0x00000000001137e0                fclose
 .text.__sflush_r
                0x0000000000113800      0x258 /opt/devkitpro/devkitARM/bin/../lib/gcc/arm-none-eabi/11.1.0/../../../../arm-none-eabi/lib/armv6k/fpu/libg.a(lib_a-fflush.o)
                0x0000000000113800                __sflush_r
 .text._fflush_r
                0x0000000000113a58       0x94 /opt/devkitpro/devkitARM/bin/../lib/gcc/arm-none-eabi/11.1.0/../../../../arm-none-eabi/lib/armv6k/fpu/libg.a(lib_a-fflush.o)
                0x0000000000113a58                _fflush_r
 .text.fflush   0x0000000000113aec       0x38 /opt/devkitpro/devkitARM/bin/../lib/gcc/arm-none-eabi/11.1.0/../../../../arm-none-eabi/lib/armv6k/fpu/libg.a(lib_a-fflush.o)
                0x0000000000113aec                fflush
 .text._cleanup_r
                0x0000000000113b24        0xc /opt/devkitpro/devkitARM/bin/../lib/gcc/arm-none-eabi/11.1.0/../../../../arm-none-eabi/lib/armv6k/fpu/libg.a(lib_a-findfp.o)
                0x0000000000113b24                _cleanup_r
 .text.__sinit  0x0000000000113b30      0x184 /opt/devkitpro/devkitARM/bin/../lib/gcc/arm-none-eabi/11.1.0/../../../../arm-none-eabi/lib/armv6k/fpu/libg.a(lib_a-findfp.o)
                0x0000000000113b30                __sinit
 .text.__sfp    0x0000000000113cb4      0x134 /opt/devkitpro/devkitARM/bin/../lib/gcc/arm-none-eabi/11.1.0/../../../../arm-none-eabi/lib/armv6k/fpu/libg.a(lib_a-findfp.o)
                0x0000000000113cb4                __sfp
 .text.__sfp_lock_acquire
                0x0000000000113de8        0xc /opt/devkitpro/devkitARM/bin/../lib/gcc/arm-none-eabi/11.1.0/../../../../arm-none-eabi/lib/armv6k/fpu/libg.a(lib_a-findfp.o)
                0x0000000000113de8                __sfp_lock_acquire
 .text.__sfp_lock_release
                0x0000000000113df4        0xc /opt/devkitpro/devkitARM/bin/../lib/gcc/arm-none-eabi/11.1.0/../../../../arm-none-eabi/lib/armv6k/fpu/libg.a(lib_a-findfp.o)
                0x0000000000113df4                __sfp_lock_release
 .text.__libc_fini_array
                0x0000000000113e00       0x3c /opt/devkitpro/devkitARM/bin/../lib/gcc/arm-none-eabi/11.1.0/../../../../arm-none-eabi/lib/armv6k/fpu/libg.a(lib_a-fini.o)
                0x0000000000113e00                __libc_fini_array
 .text._fopen_r
                0x0000000000113e3c      0x140 /opt/devkitpro/devkitARM/bin/../lib/gcc/arm-none-eabi/11.1.0/../../../../arm-none-eabi/lib/armv6k/fpu/libg.a(lib_a-fopen.o)
                0x0000000000113e3c                _fopen_r
 .text.fopen    0x0000000000113f7c       0x28 /opt/devkitpro/devkitARM/bin/../lib/gcc/arm-none-eabi/11.1.0/../../../../arm-none-eabi/lib/armv6k/fpu/libg.a(lib_a-fopen.o)
                0x0000000000113f7c                fopen
 .text._fread_r
                0x0000000000113fa4      0x2d4 /opt/devkitpro/devkitARM/bin/../lib/gcc/arm-none-eabi/11.1.0/../../../../arm-none-eabi/lib/armv6k/fpu/libg.a(lib_a-fread.o)
                0x0000000000113fa4                _fread_r
 .text.fread    0x0000000000114278       0x38 /opt/devkitpro/devkitARM/bin/../lib/gcc/arm-none-eabi/11.1.0/../../../../arm-none-eabi/lib/armv6k/fpu/libg.a(lib_a-fread.o)
                0x0000000000114278                fread
 .text._malloc_trim_r
                0x00000000001142b0       0xf8 /opt/devkitpro/devkitARM/bin/../lib/gcc/arm-none-eabi/11.1.0/../../../../arm-none-eabi/lib/armv6k/fpu/libg.a(lib_a-freer.o)
                0x00000000001142b0                _malloc_trim_r
 .text._free_r  0x00000000001143a8      0x2e4 /opt/devkitpro/devkitARM/bin/../lib/gcc/arm-none-eabi/11.1.0/../../../../arm-none-eabi/lib/armv6k/fpu/libg.a(lib_a-freer.o)
                0x00000000001143a8                _free_r
 .text._fseek_r
                0x000000000011468c       0x1c /opt/devkitpro/devkitARM/bin/../lib/gcc/arm-none-eabi/11.1.0/../../../../arm-none-eabi/lib/armv6k/fpu/libg.a(lib_a-fseek.o)
                0x000000000011468c                _fseek_r
 .text._fseeko_r
                0x00000000001146a8      0x598 /opt/devkitpro/devkitARM/bin/../lib/gcc/arm-none-eabi/11.1.0/../../../../arm-none-eabi/lib/armv6k/fpu/libg.a(lib_a-fseeko.o)
                0x00000000001146a8                _fseeko_r
 .text._fwalk   0x0000000000114c40       0x68 /opt/devkitpro/devkitARM/bin/../lib/gcc/arm-none-eabi/11.1.0/../../../../arm-none-eabi/lib/armv6k/fpu/libg.a(lib_a-fwalk.o)
                0x0000000000114c40                _fwalk
 .text._fwalk_reent
                0x0000000000114ca8       0x70 /opt/devkitpro/devkitARM/bin/../lib/gcc/arm-none-eabi/11.1.0/../../../../arm-none-eabi/lib/armv6k/fpu/libg.a(lib_a-fwalk.o)
                0x0000000000114ca8                _fwalk_reent
 .text.__libc_init_array
                0x0000000000114d18       0x7c /opt/devkitpro/devkitARM/bin/../lib/gcc/arm-none-eabi/11.1.0/../../../../arm-none-eabi/lib/armv6k/fpu/libg.a(lib_a-init.o)
                0x0000000000114d18                __libc_init_array
 .text.__smakebuf_r
                0x0000000000114d94      0x138 /opt/devkitpro/devkitARM/bin/../lib/gcc/arm-none-eabi/11.1.0/../../../../arm-none-eabi/lib/armv6k/fpu/libg.a(lib_a-makebuf.o)
                0x0000000000114d94                __smakebuf_r
 .text.__swhatbuf_r
                0x0000000000114ecc       0x8c /opt/devkitpro/devkitARM/bin/../lib/gcc/arm-none-eabi/11.1.0/../../../../arm-none-eabi/lib/armv6k/fpu/libg.a(lib_a-makebuf.o)
                0x0000000000114ecc                __swhatbuf_r
 .text.memalign
                0x0000000000114f58       0x28 /opt/devkitpro/devkitARM/bin/../lib/gcc/arm-none-eabi/11.1.0/../../../../arm-none-eabi/lib/armv6k/fpu/libg.a(lib_a-malign.o)
                0x0000000000114f58                memalign
 .text._memalign_r
                0x0000000000114f80      0x150 /opt/devkitpro/devkitARM/bin/../lib/gcc/arm-none-eabi/11.1.0/../../../../arm-none-eabi/lib/armv6k/fpu/libg.a(lib_a-malignr.o)
                0x0000000000114f80                _memalign_r
 .text.malloc   0x00000000001150d0       0x20 /opt/devkitpro/devkitARM/bin/../lib/gcc/arm-none-eabi/11.1.0/../../../../arm-none-eabi/lib/armv6k/fpu/libg.a(lib_a-malloc.o)
                0x00000000001150d0                malloc
 .text.free     0x00000000001150f0       0x20 /opt/devkitpro/devkitARM/bin/../lib/gcc/arm-none-eabi/11.1.0/../../../../arm-none-eabi/lib/armv6k/fpu/libg.a(lib_a-malloc.o)
                0x00000000001150f0                free
 .text._malloc_r
                0x0000000000115110      0x7e0 /opt/devkitpro/devkitARM/bin/../lib/gcc/arm-none-eabi/11.1.0/../../../../arm-none-eabi/lib/armv6k/fpu/libg.a(lib_a-mallocr.o)
                0x0000000000115110                _malloc_r
 .text.memchr   0x00000000001158f0       0xe0 /opt/devkitpro/devkitARM/bin/../lib/gcc/arm-none-eabi/11.1.0/../../../../arm-none-eabi/lib/armv6k/fpu/libg.a(lib_a-memchr-stub.o)
                0x00000000001158f0                memchr
 .text.memcmp   0x00000000001159d0       0xa8 /opt/devkitpro/devkitARM/bin/../lib/gcc/arm-none-eabi/11.1.0/../../../../arm-none-eabi/lib/armv6k/fpu/libg.a(lib_a-memcmp.o)
                0x00000000001159d0                memcmp
 .text.memcpy   0x0000000000115a78      0x11c /opt/devkitpro/devkitARM/bin/../lib/gcc/arm-none-eabi/11.1.0/../../../../arm-none-eabi/lib/armv6k/fpu/libg.a(lib_a-memcpy-stub.o)
                0x0000000000115a78                memcpy
 .text.memset   0x0000000000115b94      0x118 /opt/devkitpro/devkitARM/bin/../lib/gcc/arm-none-eabi/11.1.0/../../../../arm-none-eabi/lib/armv6k/fpu/libg.a(lib_a-memset.o)
                0x0000000000115b94                memset
 .text.__malloc_lock
                0x0000000000115cac        0xc /opt/devkitpro/devkitARM/bin/../lib/gcc/arm-none-eabi/11.1.0/../../../../arm-none-eabi/lib/armv6k/fpu/libg.a(lib_a-mlock.o)
                0x0000000000115cac                __malloc_lock
 .text.__malloc_unlock
                0x0000000000115cb8        0xc /opt/devkitpro/devkitARM/bin/../lib/gcc/arm-none-eabi/11.1.0/../../../../arm-none-eabi/lib/armv6k/fpu/libg.a(lib_a-mlock.o)
                0x0000000000115cb8                __malloc_unlock
 .text.printf   0x0000000000115cc4       0x34 /opt/devkitpro/devkitARM/bin/../lib/gcc/arm-none-eabi/11.1.0/../../../../arm-none-eabi/lib/armv6k/fpu/libg.a(lib_a-printf.o)
                0x0000000000115cc4                printf
 .text.srand    0x0000000000115cf8       0x1c /opt/devkitpro/devkitARM/bin/../lib/gcc/arm-none-eabi/11.1.0/../../../../arm-none-eabi/lib/armv6k/fpu/libg.a(lib_a-rand.o)
                0x0000000000115cf8                srand
 .text.rand     0x0000000000115d14       0x44 /opt/devkitpro/devkitARM/bin/../lib/gcc/arm-none-eabi/11.1.0/../../../../arm-none-eabi/lib/armv6k/fpu/libg.a(lib_a-rand.o)
                0x0000000000115d14                rand
 .text.lflush   0x0000000000115d58       0x1c /opt/devkitpro/devkitARM/bin/../lib/gcc/arm-none-eabi/11.1.0/../../../../arm-none-eabi/lib/armv6k/fpu/libg.a(lib_a-refill.o)
 .text.__srefill_r
                0x0000000000115d74      0x1ac /opt/devkitpro/devkitARM/bin/../lib/gcc/arm-none-eabi/11.1.0/../../../../arm-none-eabi/lib/armv6k/fpu/libg.a(lib_a-refill.o)
                0x0000000000115d74                __srefill_r
 .text.setvbuf  0x0000000000115f20      0x260 /opt/devkitpro/devkitARM/bin/../lib/gcc/arm-none-eabi/11.1.0/../../../../arm-none-eabi/lib/armv6k/fpu/libg.a(lib_a-setvbuf.o)
                0x0000000000115f20                setvbuf
 .text.sscanf   0x0000000000116180       0x74 /opt/devkitpro/devkitARM/bin/../lib/gcc/arm-none-eabi/11.1.0/../../../../arm-none-eabi/lib/armv6k/fpu/libg.a(lib_a-sscanf.o)
                0x0000000000116180                sscanf
 .text.__sread  0x00000000001161f4       0x44 /opt/devkitpro/devkitARM/bin/../lib/gcc/arm-none-eabi/11.1.0/../../../../arm-none-eabi/lib/armv6k/fpu/libg.a(lib_a-stdio.o)
                0x00000000001161f4                __sread
 .text.__seofread
                0x0000000000116238        0x8 /opt/devkitpro/devkitARM/bin/../lib/gcc/arm-none-eabi/11.1.0/../../../../arm-none-eabi/lib/armv6k/fpu/libg.a(lib_a-stdio.o)
                0x0000000000116238                __seofread
 .text.__swrite
                0x0000000000116240       0x68 /opt/devkitpro/devkitARM/bin/../lib/gcc/arm-none-eabi/11.1.0/../../../../arm-none-eabi/lib/armv6k/fpu/libg.a(lib_a-stdio.o)
                0x0000000000116240                __swrite
 .text.__sseek  0x00000000001162a8       0x48 /opt/devkitpro/devkitARM/bin/../lib/gcc/arm-none-eabi/11.1.0/../../../../arm-none-eabi/lib/armv6k/fpu/libg.a(lib_a-stdio.o)
                0x00000000001162a8                __sseek
 .text.__sclose
                0x00000000001162f0        0x8 /opt/devkitpro/devkitARM/bin/../lib/gcc/arm-none-eabi/11.1.0/../../../../arm-none-eabi/lib/armv6k/fpu/libg.a(lib_a-stdio.o)
                0x00000000001162f0                __sclose
 .text.strchr   0x00000000001162f8      0x12c /opt/devkitpro/devkitARM/bin/../lib/gcc/arm-none-eabi/11.1.0/../../../../arm-none-eabi/lib/armv6k/fpu/libg.a(lib_a-strchr.o)
                0x00000000001162f8                strchr
 .text.strlen   0x0000000000116424       0x5c /opt/devkitpro/devkitARM/bin/../lib/gcc/arm-none-eabi/11.1.0/../../../../arm-none-eabi/lib/armv6k/fpu/libg.a(lib_a-strlen-stub.o)
                0x0000000000116424                strlen
 .text.strncat  0x0000000000116480       0xec /opt/devkitpro/devkitARM/bin/../lib/gcc/arm-none-eabi/11.1.0/../../../../arm-none-eabi/lib/armv6k/fpu/libg.a(lib_a-strncat.o)
                0x0000000000116480                strncat
 .text.strncmp  0x000000000011656c       0xdc /opt/devkitpro/devkitARM/bin/../lib/gcc/arm-none-eabi/11.1.0/../../../../arm-none-eabi/lib/armv6k/fpu/libg.a(lib_a-strncmp.o)
                0x000000000011656c                strncmp
 .text.strncpy  0x0000000000116648       0xc0 /opt/devkitpro/devkitARM/bin/../lib/gcc/arm-none-eabi/11.1.0/../../../../arm-none-eabi/lib/armv6k/fpu/libg.a(lib_a-strncpy.o)
                0x0000000000116648                strncpy
 .text.strnlen  0x0000000000116708       0x48 /opt/devkitpro/devkitARM/bin/../lib/gcc/arm-none-eabi/11.1.0/../../../../arm-none-eabi/lib/armv6k/fpu/libg.a(lib_a-strnlen.o)
                0x0000000000116708                strnlen
 .text.get_arg  0x0000000000116750       0x50 /opt/devkitpro/devkitARM/bin/../lib/gcc/arm-none-eabi/11.1.0/../../../../arm-none-eabi/lib/armv6k/fpu/libg.a(lib_a-svfscanf.o)
 .text.__ssvfscanf_r
                0x00000000001167a0     0x2bbc /opt/devkitpro/devkitARM/bin/../lib/gcc/arm-none-eabi/11.1.0/../../../../arm-none-eabi/lib/armv6k/fpu/libg.a(lib_a-svfscanf.o)
                0x00000000001167a0                __ssvfscanf_r
 .text.time     0x000000000011935c       0x3c /opt/devkitpro/devkitARM/bin/../lib/gcc/arm-none-eabi/11.1.0/../../../../arm-none-eabi/lib/armv6k/fpu/libg.a(lib_a-time.o)
                0x000000000011935c                time
 .text.get_arg  0x0000000000119398      0x628 /opt/devkitpro/devkitARM/bin/../lib/gcc/arm-none-eabi/11.1.0/../../../../arm-none-eabi/lib/armv6k/fpu/libg.a(lib_a-vfiprintf.o)
 .text.__sprint_r
                0x00000000001199c0       0x30 /opt/devkitpro/devkitARM/bin/../lib/gcc/arm-none-eabi/11.1.0/../../../../arm-none-eabi/lib/armv6k/fpu/libg.a(lib_a-vfiprintf.o)
                0x00000000001199c0                __sprint_r
 .text._vfiprintf_r
                0x00000000001199f0     0x233c /opt/devkitpro/devkitARM/bin/../lib/gcc/arm-none-eabi/11.1.0/../../../../arm-none-eabi/lib/armv6k/fpu/libg.a(lib_a-vfiprintf.o)
                0x00000000001199f0                _vfiprintf_r
 .text.__sbprintf
                0x000000000011bd2c       0xd4 /opt/devkitpro/devkitARM/bin/../lib/gcc/arm-none-eabi/11.1.0/../../../../arm-none-eabi/lib/armv6k/fpu/libg.a(lib_a-vfiprintf.o)
 .text.get_arg  0x000000000011be00      0x628 /opt/devkitpro/devkitARM/bin/../lib/gcc/arm-none-eabi/11.1.0/../../../../arm-none-eabi/lib/armv6k/fpu/libg.a(lib_a-vfprintf.o)
 .text._vfprintf_r
                0x000000000011c428     0x3684 /opt/devkitpro/devkitARM/bin/../lib/gcc/arm-none-eabi/11.1.0/../../../../arm-none-eabi/lib/armv6k/fpu/libg.a(lib_a-vfprintf.o)
                0x000000000011c428                _vfprintf_r
 .text.__sbprintf
                0x000000000011faac       0xd4 /opt/devkitpro/devkitARM/bin/../lib/gcc/arm-none-eabi/11.1.0/../../../../arm-none-eabi/lib/armv6k/fpu/libg.a(lib_a-vfprintf.o)
 .text._wcrtomb_r
                0x000000000011fb80       0x54 /opt/devkitpro/devkitARM/bin/../lib/gcc/arm-none-eabi/11.1.0/../../../../arm-none-eabi/lib/armv6k/fpu/libg.a(lib_a-wcrtomb.o)
                0x000000000011fb80                _wcrtomb_r
 .text._wcsrtombs_r
                0x000000000011fbd4       0x28 /opt/devkitpro/devkitARM/bin/../lib/gcc/arm-none-eabi/11.1.0/../../../../arm-none-eabi/lib/armv6k/fpu/libg.a(lib_a-wcsrtombs.o)
                0x000000000011fbd4                _wcsrtombs_r
 .text.__swsetup_r
                0x000000000011fbfc      0x154 /opt/devkitpro/devkitARM/bin/../lib/gcc/arm-none-eabi/11.1.0/../../../../arm-none-eabi/lib/armv6k/fpu/libg.a(lib_a-wsetup.o)
                0x000000000011fbfc                __swsetup_r
 .text.__call_exitprocs
                0x000000000011fd50      0x114 /opt/devkitpro/devkitARM/bin/../lib/gcc/arm-none-eabi/11.1.0/../../../../arm-none-eabi/lib/armv6k/fpu/libg.a(lib_a-__call_atexit.o)
                0x000000000011fd50                __call_exitprocs
 .text.quorem   0x000000000011fe64      0x1ac /opt/devkitpro/devkitARM/bin/../lib/gcc/arm-none-eabi/11.1.0/../../../../arm-none-eabi/lib/armv6k/fpu/libg.a(lib_a-dtoa.o)
 .text._dtoa_r  0x0000000000120010     0x12cc /opt/devkitpro/devkitARM/bin/../lib/gcc/arm-none-eabi/11.1.0/../../../../arm-none-eabi/lib/armv6k/fpu/libg.a(lib_a-dtoa.o)
                0x0000000000120010                _dtoa_r
 .text.__sflags
                0x00000000001212dc       0xcc /opt/devkitpro/devkitARM/bin/../lib/gcc/arm-none-eabi/11.1.0/../../../../arm-none-eabi/lib/armv6k/fpu/libg.a(lib_a-flags.o)
                0x00000000001212dc                __sflags
 .text.__sfvwrite_r
                0x00000000001213a8      0x4c0 /opt/devkitpro/devkitARM/bin/../lib/gcc/arm-none-eabi/11.1.0/../../../../arm-none-eabi/lib/armv6k/fpu/libg.a(lib_a-fvwrite.o)
                0x00000000001213a8                __sfvwrite_r
 .text.iswspace
                0x0000000000121868        0x8 /opt/devkitpro/devkitARM/bin/../lib/gcc/arm-none-eabi/11.1.0/../../../../arm-none-eabi/lib/armv6k/fpu/libg.a(lib_a-iswspace.o)
                0x0000000000121868                iswspace
 .text._localeconv_r
                0x0000000000121870        0xc /opt/devkitpro/devkitARM/bin/../lib/gcc/arm-none-eabi/11.1.0/../../../../arm-none-eabi/lib/armv6k/fpu/libg.a(lib_a-localeconv.o)
                0x0000000000121870                _localeconv_r
 .text.__locale_mb_cur_max
                0x000000000012187c       0x10 /opt/devkitpro/devkitARM/bin/../lib/gcc/arm-none-eabi/11.1.0/../../../../arm-none-eabi/lib/armv6k/fpu/libg.a(lib_a-locale.o)
                0x000000000012187c                __locale_mb_cur_max
 .text._mbrtowc_r
                0x000000000012188c       0x68 /opt/devkitpro/devkitARM/bin/../lib/gcc/arm-none-eabi/11.1.0/../../../../arm-none-eabi/lib/armv6k/fpu/libg.a(lib_a-mbrtowc.o)
                0x000000000012188c                _mbrtowc_r
 .text.__utf8_mbtowc
                0x00000000001218f4      0x2e4 /opt/devkitpro/devkitARM/bin/../lib/gcc/arm-none-eabi/11.1.0/../../../../arm-none-eabi/lib/armv6k/fpu/libg.a(lib_a-mbtowc_r.o)
                0x00000000001218f4                __utf8_mbtowc
 .text.memmove  0x0000000000121bd8      0x154 /opt/devkitpro/devkitARM/bin/../lib/gcc/arm-none-eabi/11.1.0/../../../../arm-none-eabi/lib/armv6k/fpu/libg.a(lib_a-memmove.o)
                0x0000000000121bd8                memmove
 .text._Balloc  0x0000000000121d2c       0x88 /opt/devkitpro/devkitARM/bin/../lib/gcc/arm-none-eabi/11.1.0/../../../../arm-none-eabi/lib/armv6k/fpu/libg.a(lib_a-mprec.o)
                0x0000000000121d2c                _Balloc
 .text._Bfree   0x0000000000121db4       0x1c /opt/devkitpro/devkitARM/bin/../lib/gcc/arm-none-eabi/11.1.0/../../../../arm-none-eabi/lib/armv6k/fpu/libg.a(lib_a-mprec.o)
                0x0000000000121db4                _Bfree
 .text.__multadd
                0x0000000000121dd0       0xf4 /opt/devkitpro/devkitARM/bin/../lib/gcc/arm-none-eabi/11.1.0/../../../../arm-none-eabi/lib/armv6k/fpu/libg.a(lib_a-mprec.o)
                0x0000000000121dd0                __multadd
 .text.__s2b    0x0000000000121ec4      0x110 /opt/devkitpro/devkitARM/bin/../lib/gcc/arm-none-eabi/11.1.0/../../../../arm-none-eabi/lib/armv6k/fpu/libg.a(lib_a-mprec.o)
                0x0000000000121ec4                __s2b
 .text.__hi0bits
                0x0000000000121fd4       0x58 /opt/devkitpro/devkitARM/bin/../lib/gcc/arm-none-eabi/11.1.0/../../../../arm-none-eabi/lib/armv6k/fpu/libg.a(lib_a-mprec.o)
                0x0000000000121fd4                __hi0bits
 .text.__lo0bits
                0x000000000012202c       0x94 /opt/devkitpro/devkitARM/bin/../lib/gcc/arm-none-eabi/11.1.0/../../../../arm-none-eabi/lib/armv6k/fpu/libg.a(lib_a-mprec.o)
                0x000000000012202c                __lo0bits
 .text.__i2b    0x00000000001220c0       0xa4 /opt/devkitpro/devkitARM/bin/../lib/gcc/arm-none-eabi/11.1.0/../../../../arm-none-eabi/lib/armv6k/fpu/libg.a(lib_a-mprec.o)
                0x00000000001220c0                __i2b
 .text.__multiply
                0x0000000000122164      0x204 /opt/devkitpro/devkitARM/bin/../lib/gcc/arm-none-eabi/11.1.0/../../../../arm-none-eabi/lib/armv6k/fpu/libg.a(lib_a-mprec.o)
                0x0000000000122164                __multiply
 .text.__pow5mult
                0x0000000000122368      0x120 /opt/devkitpro/devkitARM/bin/../lib/gcc/arm-none-eabi/11.1.0/../../../../arm-none-eabi/lib/armv6k/fpu/libg.a(lib_a-mprec.o)
                0x0000000000122368                __pow5mult
 .text.__lshift
                0x0000000000122488      0x13c /opt/devkitpro/devkitARM/bin/../lib/gcc/arm-none-eabi/11.1.0/../../../../arm-none-eabi/lib/armv6k/fpu/libg.a(lib_a-mprec.o)
                0x0000000000122488                __lshift
 .text.__mcmp   0x00000000001225c4       0x58 /opt/devkitpro/devkitARM/bin/../lib/gcc/arm-none-eabi/11.1.0/../../../../arm-none-eabi/lib/armv6k/fpu/libg.a(lib_a-mprec.o)
                0x00000000001225c4                __mcmp
 .text.__mdiff  0x000000000012261c      0x1cc /opt/devkitpro/devkitARM/bin/../lib/gcc/arm-none-eabi/11.1.0/../../../../arm-none-eabi/lib/armv6k/fpu/libg.a(lib_a-mprec.o)
                0x000000000012261c                __mdiff
 .text.__ulp    0x00000000001227e8       0x74 /opt/devkitpro/devkitARM/bin/../lib/gcc/arm-none-eabi/11.1.0/../../../../arm-none-eabi/lib/armv6k/fpu/libg.a(lib_a-mprec.o)
                0x00000000001227e8                __ulp
 .text.__b2d    0x000000000012285c       0xd0 /opt/devkitpro/devkitARM/bin/../lib/gcc/arm-none-eabi/11.1.0/../../../../arm-none-eabi/lib/armv6k/fpu/libg.a(lib_a-mprec.o)
                0x000000000012285c                __b2d
 .text.__d2b    0x000000000012292c      0x124 /opt/devkitpro/devkitARM/bin/../lib/gcc/arm-none-eabi/11.1.0/../../../../arm-none-eabi/lib/armv6k/fpu/libg.a(lib_a-mprec.o)
                0x000000000012292c                __d2b
 .text.__ratio  0x0000000000122a50       0x78 /opt/devkitpro/devkitARM/bin/../lib/gcc/arm-none-eabi/11.1.0/../../../../arm-none-eabi/lib/armv6k/fpu/libg.a(lib_a-mprec.o)
                0x0000000000122a50                __ratio
 .text.__copybits
                0x0000000000122ac8       0x88 /opt/devkitpro/devkitARM/bin/../lib/gcc/arm-none-eabi/11.1.0/../../../../arm-none-eabi/lib/armv6k/fpu/libg.a(lib_a-mprec.o)
                0x0000000000122ac8                __copybits
 .text.__any_on
                0x0000000000122b50       0x5c /opt/devkitpro/devkitARM/bin/../lib/gcc/arm-none-eabi/11.1.0/../../../../arm-none-eabi/lib/armv6k/fpu/libg.a(lib_a-mprec.o)
                0x0000000000122b50                __any_on
 .text.realloc  0x0000000000122bac       0x28 /opt/devkitpro/devkitARM/bin/../lib/gcc/arm-none-eabi/11.1.0/../../../../arm-none-eabi/lib/armv6k/fpu/libg.a(lib_a-realloc.o)
                0x0000000000122bac                realloc
 .text._realloc_r
                0x0000000000122bd4      0x558 /opt/devkitpro/devkitARM/bin/../lib/gcc/arm-none-eabi/11.1.0/../../../../arm-none-eabi/lib/armv6k/fpu/libg.a(lib_a-reallocr.o)
                0x0000000000122bd4                _realloc_r
 .text.__sccl   0x000000000012312c       0xe4 /opt/devkitpro/devkitARM/bin/../lib/gcc/arm-none-eabi/11.1.0/../../../../arm-none-eabi/lib/armv6k/fpu/libg.a(lib_a-sccl.o)
                0x000000000012312c                __sccl
 .text.nanf     0x0000000000123210        0xc /opt/devkitpro/devkitARM/bin/../lib/gcc/arm-none-eabi/11.1.0/../../../../arm-none-eabi/lib/armv6k/fpu/libg.a(lib_a-sf_nan.o)
                0x0000000000123210                nanf
 *fill*         0x000000000012321c        0x4 
 .text.frexp    0x0000000000123220       0xa8 /opt/devkitpro/devkitARM/bin/../lib/gcc/arm-none-eabi/11.1.0/../../../../arm-none-eabi/lib/armv6k/fpu/libg.a(lib_a-s_frexp.o)